node3-1  | 2025-05-09T12:35:12.770Z	DEBUG	bft/viewchanger.go:251	Node 3 resent a view change message with next view 1
node2-1  | 2025-05-09T12:35:12.832Z	DEBUG	bft/viewchanger.go:277	Node 2 is processing a view change message view_change:{next_view:1} from 3 with next view 1
node2-1  | 2025-05-09T12:35:12.832Z	DEBUG	bft/viewchanger.go:397	view change voted 1 false
node2-1  | 
node2-1  | 2025-05-09T12:35:12.832Z	DEBUG	bft/viewchanger.go:403	case 2
node2-1  | 2025-05-09T12:35:17.730Z	DEBUG	bft/viewchanger.go:251	Node 2 resent a view change message with next view 1
node2-1  | Node 2: ошибка отправки сообщения узлу 1: rpc error: code = Unavailable desc = connection error: desc = "transport: Error while dialing: dial tcp 172.20.0.2:7050: connect: no route to host"
node3-1  | 2025-05-09T12:35:17.780Z	DEBUG	bft/viewchanger.go:277	Node 3 is processing a view change message view_change:{next_view:1} from 2 with next view 1
node3-1  | 2025-05-09T12:35:17.780Z	DEBUG	bft/viewchanger.go:397	view change voted 1 false
node3-1  | 
node3-1  | 2025-05-09T12:35:17.780Z	DEBUG	bft/viewchanger.go:403	case 2
node3-1  | 2025-05-09T12:35:18.771Z	DEBUG	bft/viewchanger.go:251	Node 3 resent a view change message with next view 1
node3-1  | Node 3: ошибка отправки сообщения узлу 1: rpc error: code = Unavailable desc = connection error: desc = "transport: Error while dialing: dial tcp 172.20.0.2:7050: connect: no route to host"
node2-1  | 2025-05-09T12:35:18.826Z	DEBUG	bft/viewchanger.go:277	Node 2 is processing a view change message view_change:{next_view:1} from 3 with next view 1
node2-1  | 2025-05-09T12:35:18.826Z	DEBUG	bft/viewchanger.go:397	view change voted 1 false
node2-1  | 
node2-1  | 2025-05-09T12:35:18.826Z	DEBUG	bft/viewchanger.go:403	case 2
node2-1  | 2025-05-09T12:35:23.730Z	DEBUG	bft/viewchanger.go:251	Node 2 resent a view change message with next view 1
node2-1  | Node 2: ошибка отправки сообщения узлу 1: rpc error: code = Unavailable desc = connection error: desc = "transport: Error while dialing: dial tcp 172.20.0.2:7050: connect: no route to host"
node3-1  | 2025-05-09T12:35:23.771Z	DEBUG	bft/viewchanger.go:251	Node 3 resent a view change message with next view 1
node3-1  | Node 3: ошибка отправки сообщения узлу 1: rpc error: code = Unavailable desc = connection error: desc = "transport: Error while dialing: dial tcp 172.20.0.2:7050: connect: no route to host"
node3-1  | 2025-05-09T12:35:23.793Z	DEBUG	bft/viewchanger.go:277	Node 3 is processing a view change message view_change:{next_view:1} from 2 with next view 1
node3-1  | 2025-05-09T12:35:23.793Z	DEBUG	bft/viewchanger.go:397	view change voted 1 false
node3-1  | 
node3-1  | 2025-05-09T12:35:23.793Z	DEBUG	bft/viewchanger.go:403	case 2
node2-1  | 2025-05-09T12:35:23.829Z	DEBUG	bft/viewchanger.go:277	Node 2 is processing a view change message view_change:{next_view:1} from 3 with next view 1
node2-1  | 2025-05-09T12:35:23.829Z	DEBUG	bft/viewchanger.go:397	view change voted 1 false
node2-1  | 
node2-1  | 2025-05-09T12:35:23.829Z	DEBUG	bft/viewchanger.go:403	case 2
node2-1  | 2025-05-09T12:35:24.730Z	DEBUG	bft/viewchanger.go:264	Node 2 got a view change timeout, the current view is 0
node2-1  | 2025-05-09T12:35:24.730Z	DEBUG	bft/viewchanger.go:268	Node 2 is calling sync because it got a view change timeout
node2-1  | Node 2: Sync called
node2-1  | Trying to get seq 0 in sync
node2-1  | 2025-05-09T12:35:24.730Z	DEBUG	bft/viewchanger.go:373	Node 2 has already started view change with last view 0
node2-1  | 2025-05-09T12:35:24.730Z	DEBUG	bft/controller.go:539	get msg from syncChan
node2-1  | Node 2: ошибка отправки транзакции узлу 1: rpc error: code = Unavailable desc = connection error: desc = "transport: Error while dialing: dial tcp 172.20.0.2:7050: connect: no route to host"
node2-1  | Got sync proposal for seq 0, has_proposal false from node 3
node3-1  | Node 2 called sync
node4-1  | Node 2 called sync
node2-1  | Got sync proposal for seq 0, has_proposal false from node 4
node2-1  | Returning from sync seq 0
node2-1  | 2025-05-09T12:35:24.738Z	INFO	bft/controller.go:637	Synchronizer returned with an empty proposal metadata
node2-1  | 2025-05-09T12:35:24.738Z	DEBUG	bft/statecollector.go:83	Node 2 started collecting state responses
node2-1  | Node 2: ошибка отправки сообщения узлу 1: rpc error: code = Unavailable desc = connection error: desc = "transport: Error while dialing: dial tcp 172.20.0.2:7050: connect: no route to host"
node2-1  | 2025-05-09T12:35:24.836Z	DEBUG	bft/statecollector.go:58	Node 2 handling state response: state_transfer_response:{sequence:1}
node2-1  | 2025-05-09T12:35:24.836Z	DEBUG	bft/statecollector.go:93	Node 2 collected a response: state_transfer_response:{sequence:1}
node2-1  | 2025-05-09T12:35:25.738Z	INFO	bft/statecollector.go:90	Node 2 reached the state collector timeout
node2-1  | 2025-05-09T12:35:25.738Z	INFO	bft/controller.go:672	Fetching state failed
node2-1  | 2025-05-09T12:35:25.738Z	DEBUG	bft/controller.go:545	view and seq is zero
node2-1  | 2025-05-09T12:35:25.738Z	DEBUG	bft/controller.go:436	Got view change to 0 but view is already running
node3-1  | Node 3: Sync called
node3-1  | Trying to get seq 0 in sync
node3-1  | 2025-05-09T12:35:25.770Z	DEBUG	bft/viewchanger.go:264	Node 3 got a view change timeout, the current view is 0
node3-1  | 2025-05-09T12:35:25.770Z	DEBUG	bft/viewchanger.go:268	Node 3 is calling sync because it got a view change timeout
node3-1  | 2025-05-09T12:35:25.770Z	DEBUG	bft/viewchanger.go:373	Node 3 has already started view change with last view 0
node3-1  | 2025-05-09T12:35:25.770Z	DEBUG	bft/controller.go:539	get msg from syncChan
node3-1  | Node 3: ошибка отправки транзакции узлу 1: rpc error: code = Unavailable desc = connection error: desc = "transport: Error while dialing: dial tcp 172.20.0.2:7050: connect: no route to host"
node2-1  | Node 3 called sync
node3-1  | Got sync proposal for seq 0, has_proposal false from node 2
node4-1  | Node 3 called sync
node3-1  | Got sync proposal for seq 0, has_proposal false from node 4
node3-1  | Returning from sync seq 0
node3-1  | 2025-05-09T12:35:25.782Z	INFO	bft/controller.go:637	Synchronizer returned with an empty proposal metadata
node3-1  | Node 3: ошибка отправки сообщения узлу 1: rpc error: code = Unavailable desc = connection error: desc = "transport: Error while dialing: dial tcp 172.20.0.2:7050: connect: no route to host"
node3-1  | 2025-05-09T12:35:25.782Z	DEBUG	bft/statecollector.go:83	Node 3 started collecting state responses
node3-1  | 2025-05-09T12:35:25.890Z	DEBUG	bft/statecollector.go:58	Node 3 handling state response: state_transfer_response:{sequence:1}
node3-1  | 2025-05-09T12:35:25.890Z	DEBUG	bft/statecollector.go:93	Node 3 collected a response: state_transfer_response:{sequence:1}
node3-1  | 2025-05-09T12:35:26.783Z	INFO	bft/statecollector.go:90	Node 3 reached the state collector timeout
node3-1  | 2025-05-09T12:35:26.783Z	INFO	bft/controller.go:672	Fetching state failed
node3-1  | 2025-05-09T12:35:26.783Z	DEBUG	bft/controller.go:545	view and seq is zero
node3-1  | 2025-05-09T12:35:26.783Z	DEBUG	bft/controller.go:436	Got view change to 0 but view is already running
node2-1  | 2025-05-09T12:35:28.730Z	DEBUG	bft/viewchanger.go:251	Node 2 resent a view change message with next view 1
node2-1  | Node 2: ошибка отправки сообщения узлу 1: rpc error: code = Unavailable desc = connection error: desc = "transport: Error while dialing: dial tcp 172.20.0.2:7050: connect: no route to host"
node3-1  | 2025-05-09T12:35:28.794Z	DEBUG	bft/viewchanger.go:277	Node 3 is processing a view change message view_change:{next_view:1} from 2 with next view 1
node3-1  | 2025-05-09T12:35:28.794Z	DEBUG	bft/viewchanger.go:397	view change voted 1 false
node3-1  | 
node3-1  | 2025-05-09T12:35:28.794Z	DEBUG	bft/viewchanger.go:403	case 2
node3-1  | 2025-05-09T12:35:29.770Z	DEBUG	bft/viewchanger.go:251	Node 3 resent a view change message with next view 1
node3-1  | Node 3: ошибка отправки сообщения узлу 1: rpc error: code = Unavailable desc = connection error: desc = "transport: Error while dialing: dial tcp 172.20.0.2:7050: connect: no route to host"
node2-1  | 2025-05-09T12:35:29.818Z	DEBUG	bft/viewchanger.go:277	Node 2 is processing a view change message view_change:{next_view:1} from 3 with next view 1
node2-1  | 2025-05-09T12:35:29.818Z	DEBUG	bft/viewchanger.go:397	view change voted 1 false
node2-1  | 
node2-1  | 2025-05-09T12:35:29.818Z	DEBUG	bft/viewchanger.go:403	case 2
node2-1  | Node 2: ошибка отправки сообщения узлу 1: rpc error: code = Unavailable desc = connection error: desc = "transport: Error while dialing: dial tcp 172.20.0.2:7050: connect: no route to host"
node2-1  | 2025-05-09T12:35:34.730Z	DEBUG	bft/viewchanger.go:251	Node 2 resent a view change message with next view 1
node3-1  | Node 3: ошибка отправки сообщения узлу 1: rpc error: code = Unavailable desc = connection error: desc = "transport: Error while dialing: dial tcp 172.20.0.2:7050: connect: no route to host"
node3-1  | 2025-05-09T12:35:34.770Z	DEBUG	bft/viewchanger.go:251	Node 3 resent a view change message with next view 1
node3-1  | 2025-05-09T12:35:34.778Z	DEBUG	bft/viewchanger.go:277	Node 3 is processing a view change message view_change:{next_view:1} from 2 with next view 1
node3-1  | 2025-05-09T12:35:34.779Z	DEBUG	bft/viewchanger.go:397	view change voted 1 false
node3-1  | 
node3-1  | 2025-05-09T12:35:34.779Z	DEBUG	bft/viewchanger.go:403	case 2
node2-1  | 2025-05-09T12:35:34.833Z	DEBUG	bft/viewchanger.go:277	Node 2 is processing a view change message view_change:{next_view:1} from 3 with next view 1
node2-1  | 2025-05-09T12:35:34.833Z	DEBUG	bft/viewchanger.go:397	view change voted 1 false
node2-1  | 
node2-1  | 2025-05-09T12:35:34.833Z	DEBUG	bft/viewchanger.go:403	case 2
node2-1  | 2025-05-09T12:35:40.730Z	DEBUG	bft/viewchanger.go:251	Node 2 resent a view change message with next view 1
node2-1  | Node 2: ошибка отправки сообщения узлу 1: rpc error: code = Unavailable desc = connection error: desc = "transport: Error while dialing: dial tcp 172.20.0.2:7050: connect: no route to host"
node3-1  | Node 3: ошибка отправки сообщения узлу 1: rpc error: code = Unavailable desc = connection error: desc = "transport: Error while dialing: dial tcp 172.20.0.2:7050: connect: no route to host"
node3-1  | 2025-05-09T12:35:40.770Z	DEBUG	bft/viewchanger.go:251	Node 3 resent a view change message with next view 1
node3-1  | 2025-05-09T12:35:40.779Z	DEBUG	bft/viewchanger.go:277	Node 3 is processing a view change message view_change:{next_view:1} from 2 with next view 1
node3-1  | 2025-05-09T12:35:40.779Z	DEBUG	bft/viewchanger.go:397	view change voted 1 false
node3-1  | 
node3-1  | 2025-05-09T12:35:40.779Z	DEBUG	bft/viewchanger.go:403	case 2
node2-1  | 2025-05-09T12:35:40.830Z	DEBUG	bft/viewchanger.go:277	Node 2 is processing a view change message view_change:{next_view:1} from 3 with next view 1
node2-1  | 2025-05-09T12:35:40.830Z	DEBUG	bft/viewchanger.go:397	view change voted 1 false
node2-1  | 
node2-1  | 2025-05-09T12:35:40.830Z	DEBUG	bft/viewchanger.go:403	case 2
node2-1  | 2025-05-09T12:35:44.731Z	DEBUG	bft/viewchanger.go:264	Node 2 got a view change timeout, the current view is 0
node2-1  | 2025-05-09T12:35:44.731Z	DEBUG	bft/viewchanger.go:268	Node 2 is calling sync because it got a view change timeout
node2-1  | 2025-05-09T12:35:44.731Z	DEBUG	bft/viewchanger.go:373	Node 2 has already started view change with last view 0
node2-1  | 2025-05-09T12:35:44.731Z	DEBUG	bft/controller.go:539	get msg from syncChan
node2-1  | Node 2: Sync called
node2-1  | Trying to get seq 0 in sync
node2-1  | Node 2: ошибка отправки транзакции узлу 1: rpc error: code = Unavailable desc = connection error: desc = "transport: Error while dialing: dial tcp 172.20.0.2:7050: connect: no route to host"
node4-1  | Node 2 called sync
node2-1  | Got sync proposal for seq 0, has_proposal false from node 4
node3-1  | Node 2 called sync
node2-1  | Got sync proposal for seq 0, has_proposal false from node 3
node2-1  | Returning from sync seq 0
node2-1  | Node 2: ошибка отправки сообщения узлу 1: rpc error: code = Unavailable desc = connection error: desc = "transport: Error while dialing: dial tcp 172.20.0.2:7050: connect: no route to host"
node2-1  | 2025-05-09T12:35:44.732Z	INFO	bft/controller.go:637	Synchronizer returned with an empty proposal metadata
node2-1  | 2025-05-09T12:35:44.732Z	DEBUG	bft/statecollector.go:83	Node 2 started collecting state responses
node2-1  | 2025-05-09T12:35:44.834Z	DEBUG	bft/statecollector.go:58	Node 2 handling state response: state_transfer_response:{sequence:1}
node2-1  | 2025-05-09T12:35:44.834Z	DEBUG	bft/statecollector.go:93	Node 2 collected a response: state_transfer_response:{sequence:1}
node2-1  | 2025-05-09T12:35:45.730Z	DEBUG	bft/viewchanger.go:251	Node 2 resent a view change message with next view 1
node2-1  | Node 2: ошибка отправки сообщения узлу 1: rpc error: code = Unavailable desc = connection error: desc = "transport: Error while dialing: dial tcp 172.20.0.2:7050: connect: no route to host"
node2-1  | 2025-05-09T12:35:45.733Z	INFO	bft/statecollector.go:90	Node 2 reached the state collector timeout
node2-1  | 2025-05-09T12:35:45.733Z	INFO	bft/controller.go:672	Fetching state failed
node2-1  | 2025-05-09T12:35:45.733Z	DEBUG	bft/controller.go:545	view and seq is zero
node2-1  | 2025-05-09T12:35:45.733Z	DEBUG	bft/controller.go:436	Got view change to 0 but view is already running
node3-1  | Node 3: Sync called
node3-1  | Trying to get seq 0 in sync
node3-1  | Node 3: ошибка отправки транзакции узлу 1: rpc error: code = Unavailable desc = connection error: desc = "transport: Error while dialing: dial tcp 172.20.0.2:7050: connect: no route to host"
node3-1  | 2025-05-09T12:35:45.770Z	DEBUG	bft/viewchanger.go:264	Node 3 got a view change timeout, the current view is 0
node3-1  | 2025-05-09T12:35:45.770Z	DEBUG	bft/viewchanger.go:268	Node 3 is calling sync because it got a view change timeout
node3-1  | 2025-05-09T12:35:45.770Z	DEBUG	bft/viewchanger.go:373	Node 3 has already started view change with last view 0
node3-1  | 2025-05-09T12:35:45.770Z	DEBUG	bft/controller.go:539	get msg from syncChan
node4-1  | Node 3 called sync
node3-1  | Got sync proposal for seq 0, has_proposal false from node 4
node2-1  | Node 3 called sync
node3-1  | Got sync proposal for seq 0, has_proposal false from node 2
node3-1  | Returning from sync seq 0
node3-1  | 2025-05-09T12:35:45.780Z	INFO	bft/controller.go:637	Synchronizer returned with an empty proposal metadata
node3-1  | 2025-05-09T12:35:45.780Z	DEBUG	bft/statecollector.go:83	Node 3 started collecting state responses
node3-1  | Node 3: ошибка отправки сообщения узлу 1: rpc error: code = Unavailable desc = connection error: desc = "transport: Error while dialing: dial tcp 172.20.0.2:7050: connect: no route to host"
node3-1  | 2025-05-09T12:35:45.791Z	DEBUG	bft/viewchanger.go:277	Node 3 is processing a view change message view_change:{next_view:1} from 2 with next view 1
node3-1  | 2025-05-09T12:35:45.791Z	DEBUG	bft/viewchanger.go:397	view change voted 1 false
node3-1  | 
node3-1  | 2025-05-09T12:35:45.791Z	DEBUG	bft/viewchanger.go:403	case 2
node3-1  | 2025-05-09T12:35:45.886Z	DEBUG	bft/statecollector.go:58	Node 3 handling state response: state_transfer_response:{sequence:1}
node3-1  | 2025-05-09T12:35:45.886Z	DEBUG	bft/statecollector.go:93	Node 3 collected a response: state_transfer_response:{sequence:1}
node3-1  | 2025-05-09T12:35:46.770Z	DEBUG	bft/viewchanger.go:251	Node 3 resent a view change message with next view 1
node3-1  | Node 3: ошибка отправки сообщения узлу 1: rpc error: code = Unavailable desc = connection error: desc = "transport: Error while dialing: dial tcp 172.20.0.2:7050: connect: no route to host"
node3-1  | 2025-05-09T12:35:46.781Z	INFO	bft/statecollector.go:90	Node 3 reached the state collector timeout
node3-1  | 2025-05-09T12:35:46.781Z	INFO	bft/controller.go:672	Fetching state failed
node3-1  | 2025-05-09T12:35:46.781Z	DEBUG	bft/controller.go:545	view and seq is zero
node3-1  | 2025-05-09T12:35:46.781Z	DEBUG	bft/controller.go:436	Got view change to 0 but view is already running
node2-1  | 2025-05-09T12:35:46.822Z	DEBUG	bft/viewchanger.go:277	Node 2 is processing a view change message view_change:{next_view:1} from 3 with next view 1
node2-1  | 2025-05-09T12:35:46.822Z	DEBUG	bft/viewchanger.go:397	view change voted 1 false
node2-1  | 
node2-1  | 2025-05-09T12:35:46.822Z	DEBUG	bft/viewchanger.go:403	case 2
node2-1  | 2025-05-09T12:35:51.730Z	DEBUG	bft/viewchanger.go:251	Node 2 resent a view change message with next view 1
node2-1  | Node 2: ошибка отправки сообщения узлу 1: rpc error: code = Unavailable desc = connection error: desc = "transport: Error while dialing: dial tcp 172.20.0.2:7050: connect: no route to host"
node3-1  | 2025-05-09T12:35:51.770Z	DEBUG	bft/viewchanger.go:251	Node 3 resent a view change message with next view 1
node3-1  | Node 3: ошибка отправки сообщения узлу 1: rpc error: code = Unavailable desc = connection error: desc = "transport: Error while dialing: dial tcp 172.20.0.2:7050: connect: no route to host"
node3-1  | 2025-05-09T12:35:51.794Z	DEBUG	bft/viewchanger.go:277	Node 3 is processing a view change message view_change:{next_view:1} from 2 with next view 1
node3-1  | 2025-05-09T12:35:51.794Z	DEBUG	bft/viewchanger.go:397	view change voted 1 false
node3-1  | 
node3-1  | 2025-05-09T12:35:51.794Z	DEBUG	bft/viewchanger.go:403	case 2
node2-1  | 2025-05-09T12:35:51.818Z	DEBUG	bft/viewchanger.go:277	Node 2 is processing a view change message view_change:{next_view:1} from 3 with next view 1
node2-1  | 2025-05-09T12:35:51.818Z	DEBUG	bft/viewchanger.go:397	view change voted 1 false
node2-1  | 
node2-1  | 2025-05-09T12:35:51.818Z	DEBUG	bft/viewchanger.go:403	case 2
node2-1  | 2025-05-09T12:35:56.730Z	DEBUG	bft/viewchanger.go:251	Node 2 resent a view change message with next view 1
node2-1  | Node 2: ошибка отправки сообщения узлу 1: rpc error: code = Unavailable desc = connection error: desc = "transport: Error while dialing: dial tcp 172.20.0.2:7050: connect: no route to host"
node3-1  | 2025-05-09T12:35:56.788Z	DEBUG	bft/viewchanger.go:277	Node 3 is processing a view change message view_change:{next_view:1} from 2 with next view 1
node3-1  | 2025-05-09T12:35:56.788Z	DEBUG	bft/viewchanger.go:397	view change voted 1 false
node3-1  | 
node3-1  | 2025-05-09T12:35:56.788Z	DEBUG	bft/viewchanger.go:403	case 2
node3-1  | 2025-05-09T12:35:57.770Z	DEBUG	bft/viewchanger.go:251	Node 3 resent a view change message with next view 1
node3-1  | Node 3: ошибка отправки сообщения узлу 1: rpc error: code = Unavailable desc = connection error: desc = "transport: Error while dialing: dial tcp 172.20.0.2:7050: connect: no route to host"
node2-1  | 2025-05-09T12:35:57.830Z	DEBUG	bft/viewchanger.go:277	Node 2 is processing a view change message view_change:{next_view:1} from 3 with next view 1
node2-1  | 2025-05-09T12:35:57.830Z	DEBUG	bft/viewchanger.go:397	view change voted 1 false
node2-1  | 
node2-1  | 2025-05-09T12:35:57.830Z	DEBUG	bft/viewchanger.go:403	case 2
node2-1  | Node 2: ошибка отправки сообщения узлу 1: rpc error: code = Unavailable desc = connection error: desc = "transport: Error while dialing: dial tcp 172.20.0.2:7050: connect: no route to host"
node2-1  | 2025-05-09T12:36:02.731Z	DEBUG	bft/viewchanger.go:251	Node 2 resent a view change message with next view 1
node3-1  | 2025-05-09T12:36:02.770Z	DEBUG	bft/viewchanger.go:251	Node 3 resent a view change message with next view 1
node3-1  | Node 3: ошибка отправки сообщения узлу 1: rpc error: code = Unavailable desc = connection error: desc = "transport: Error while dialing: dial tcp 172.20.0.2:7050: connect: no route to host"
node3-1  | 2025-05-09T12:36:02.775Z	DEBUG	bft/viewchanger.go:277	Node 3 is processing a view change message view_change:{next_view:1} from 2 with next view 1
node3-1  | 2025-05-09T12:36:02.775Z	DEBUG	bft/viewchanger.go:397	view change voted 1 false
node3-1  | 
node3-1  | 2025-05-09T12:36:02.775Z	DEBUG	bft/viewchanger.go:403	case 2
node2-1  | 2025-05-09T12:36:02.813Z	DEBUG	bft/viewchanger.go:277	Node 2 is processing a view change message view_change:{next_view:1} from 3 with next view 1
node2-1  | 2025-05-09T12:36:02.813Z	DEBUG	bft/viewchanger.go:397	view change voted 1 false
node2-1  | 
node2-1  | 2025-05-09T12:36:02.813Z	DEBUG	bft/viewchanger.go:403	case 2
node2-1  | 2025-05-09T12:36:04.730Z	DEBUG	bft/viewchanger.go:264	Node 2 got a view change timeout, the current view is 0
node2-1  | 2025-05-09T12:36:04.730Z	DEBUG	bft/viewchanger.go:268	Node 2 is calling sync because it got a view change timeout
node2-1  | 2025-05-09T12:36:04.730Z	DEBUG	bft/viewchanger.go:373	Node 2 has already started view change with last view 0
node2-1  | 2025-05-09T12:36:04.730Z	DEBUG	bft/controller.go:539	get msg from syncChan
node2-1  | Node 2: Sync called
node2-1  | Trying to get seq 0 in sync
node2-1  | Node 2: ошибка отправки транзакции узлу 1: rpc error: code = Unavailable desc = connection error: desc = "transport: Error while dialing: dial tcp 172.20.0.2:7050: connect: no route to host"
node3-1  | Node 2 called sync
node2-1  | Got sync proposal for seq 0, has_proposal false from node 3
node4-1  | Node 2 called sync
node2-1  | Got sync proposal for seq 0, has_proposal false from node 4
node2-1  | Returning from sync seq 0
node2-1  | 2025-05-09T12:36:04.743Z	INFO	bft/controller.go:637	Synchronizer returned with an empty proposal metadata
node2-1  | 2025-05-09T12:36:04.743Z	DEBUG	bft/statecollector.go:83	Node 2 started collecting state responses
node2-1  | Node 2: ошибка отправки сообщения узлу 1: rpc error: code = Unavailable desc = connection error: desc = "transport: Error while dialing: dial tcp 172.20.0.2:7050: connect: no route to host"
node2-1  | 2025-05-09T12:36:04.838Z	DEBUG	bft/statecollector.go:58	Node 2 handling state response: state_transfer_response:{sequence:1}
node2-1  | 2025-05-09T12:36:04.838Z	DEBUG	bft/statecollector.go:93	Node 2 collected a response: state_transfer_response:{sequence:1}
node2-1  | 2025-05-09T12:36:05.743Z	INFO	bft/statecollector.go:90	Node 2 reached the state collector timeout
node2-1  | 2025-05-09T12:36:05.743Z	INFO	bft/controller.go:672	Fetching state failed
node2-1  | 2025-05-09T12:36:05.743Z	DEBUG	bft/controller.go:545	view and seq is zero
node2-1  | 2025-05-09T12:36:05.743Z	DEBUG	bft/controller.go:436	Got view change to 0 but view is already running
node3-1  | Node 3: Sync called
node3-1  | Trying to get seq 0 in sync
node3-1  | 2025-05-09T12:36:05.770Z	DEBUG	bft/viewchanger.go:264	Node 3 got a view change timeout, the current view is 0
node3-1  | 2025-05-09T12:36:05.770Z	DEBUG	bft/viewchanger.go:268	Node 3 is calling sync because it got a view change timeout
node3-1  | 2025-05-09T12:36:05.770Z	DEBUG	bft/viewchanger.go:373	Node 3 has already started view change with last view 0
node3-1  | 2025-05-09T12:36:05.770Z	DEBUG	bft/controller.go:539	get msg from syncChan
node3-1  | Node 3: ошибка отправки транзакции узлу 1: rpc error: code = Unavailable desc = connection error: desc = "transport: Error while dialing: dial tcp 172.20.0.2:7050: connect: no route to host"
node4-1  | Node 3 called sync
node2-1  | Node 3 called sync
node3-1  | Got sync proposal for seq 0, has_proposal false from node 4
node3-1  | Got sync proposal for seq 0, has_proposal false from node 2
node3-1  | Returning from sync seq 0
node3-1  | Node 3: ошибка отправки сообщения узлу 1: rpc error: code = Unavailable desc = connection error: desc = "transport: Error while dialing: dial tcp 172.20.0.2:7050: connect: no route to host"
node3-1  | 2025-05-09T12:36:05.782Z	INFO	bft/controller.go:637	Synchronizer returned with an empty proposal metadata
node3-1  | 2025-05-09T12:36:05.782Z	DEBUG	bft/statecollector.go:83	Node 3 started collecting state responses
node3-1  | 2025-05-09T12:36:05.900Z	DEBUG	bft/statecollector.go:58	Node 3 handling state response: state_transfer_response:{sequence:1}
node3-1  | 2025-05-09T12:36:05.900Z	DEBUG	bft/statecollector.go:93	Node 3 collected a response: state_transfer_response:{sequence:1}
node3-1  | 2025-05-09T12:36:06.782Z	INFO	bft/statecollector.go:90	Node 3 reached the state collector timeout
node3-1  | 2025-05-09T12:36:06.782Z	INFO	bft/controller.go:672	Fetching state failed
node3-1  | 2025-05-09T12:36:06.782Z	DEBUG	bft/controller.go:545	view and seq is zero
node3-1  | 2025-05-09T12:36:06.782Z	DEBUG	bft/controller.go:436	Got view change to 0 but view is already running
node2-1  | 2025-05-09T12:36:07.731Z	DEBUG	bft/viewchanger.go:251	Node 2 resent a view change message with next view 1
node2-1  | Node 2: ошибка отправки сообщения узлу 1: rpc error: code = Unavailable desc = connection error: desc = "transport: Error while dialing: dial tcp 172.20.0.2:7050: connect: no route to host"
node3-1  | 2025-05-09T12:36:07.793Z	DEBUG	bft/viewchanger.go:277	Node 3 is processing a view change message view_change:{next_view:1} from 2 with next view 1
node3-1  | 2025-05-09T12:36:07.793Z	DEBUG	bft/viewchanger.go:397	view change voted 1 false
node3-1  | 
node3-1  | 2025-05-09T12:36:07.793Z	DEBUG	bft/viewchanger.go:403	case 2
node3-1  | Node 3: ошибка отправки сообщения узлу 1: rpc error: code = Unavailable desc = connection error: desc = "transport: Error while dialing: dial tcp 172.20.0.2:7050: connect: no route to host"
node3-1  | 2025-05-09T12:36:08.770Z	DEBUG	bft/viewchanger.go:251	Node 3 resent a view change message with next view 1
node2-1  | 2025-05-09T12:36:08.823Z	DEBUG	bft/viewchanger.go:277	Node 2 is processing a view change message view_change:{next_view:1} from 3 with next view 1
node2-1  | 2025-05-09T12:36:08.823Z	DEBUG	bft/viewchanger.go:397	view change voted 1 false
node2-1  | 
node2-1  | 2025-05-09T12:36:08.823Z	DEBUG	bft/viewchanger.go:403	case 2
node2-1  | 2025-05-09T12:36:12.730Z	DEBUG	bft/viewchanger.go:251	Node 2 resent a view change message with next view 1
node2-1  | Node 2: ошибка отправки сообщения узлу 1: rpc error: code = Unavailable desc = connection error: desc = "transport: Error while dialing: dial tcp 172.20.0.2:7050: connect: no route to host"
node3-1  | 2025-05-09T12:36:12.775Z	DEBUG	bft/viewchanger.go:277	Node 3 is processing a view change message view_change:{next_view:1} from 2 with next view 1
node3-1  | 2025-05-09T12:36:12.775Z	DEBUG	bft/viewchanger.go:397	view change voted 1 false
node3-1  | 
node3-1  | 2025-05-09T12:36:12.775Z	DEBUG	bft/viewchanger.go:403	case 2
node3-1  | Node 3: ошибка отправки сообщения узлу 1: rpc error: code = Unavailable desc = connection error: desc = "transport: Error while dialing: dial tcp 172.20.0.2:7050: connect: no route to host"
node3-1  | 2025-05-09T12:36:14.771Z	DEBUG	bft/viewchanger.go:251	Node 3 resent a view change message with next view 1
node2-1  | 2025-05-09T12:36:14.821Z	DEBUG	bft/viewchanger.go:277	Node 2 is processing a view change message view_change:{next_view:1} from 3 with next view 1
node2-1  | 2025-05-09T12:36:14.821Z	DEBUG	bft/viewchanger.go:397	view change voted 1 false
node2-1  | 
node2-1  | 2025-05-09T12:36:14.821Z	DEBUG	bft/viewchanger.go:403	case 2
node2-1  | 2025-05-09T12:36:18.730Z	DEBUG	bft/viewchanger.go:251	Node 2 resent a view change message with next view 1
node2-1  | Node 2: ошибка отправки сообщения узлу 1: rpc error: code = Unavailable desc = connection error: desc = "transport: Error while dialing: dial tcp 172.20.0.2:7050: connect: no route to host"
node3-1  | 2025-05-09T12:36:18.784Z	DEBUG	bft/viewchanger.go:277	Node 3 is processing a view change message view_change:{next_view:1} from 2 with next view 1
node3-1  | 2025-05-09T12:36:18.784Z	DEBUG	bft/viewchanger.go:397	view change voted 1 false
node3-1  | 
node3-1  | 2025-05-09T12:36:18.784Z	DEBUG	bft/viewchanger.go:403	case 2
node3-1  | 2025-05-09T12:36:19.770Z	DEBUG	bft/viewchanger.go:251	Node 3 resent a view change message with next view 1
node3-1  | Node 3: ошибка отправки сообщения узлу 1: rpc error: code = Unavailable desc = connection error: desc = "transport: Error while dialing: dial tcp 172.20.0.2:7050: connect: no route to host"
node2-1  | 2025-05-09T12:36:19.814Z	DEBUG	bft/viewchanger.go:277	Node 2 is processing a view change message view_change:{next_view:1} from 3 with next view 1
node2-1  | 2025-05-09T12:36:19.814Z	DEBUG	bft/viewchanger.go:397	view change voted 1 false
node2-1  | 
node2-1  | 2025-05-09T12:36:19.814Z	DEBUG	bft/viewchanger.go:403	case 2
node2-1  | 2025-05-09T12:36:23.730Z	DEBUG	bft/viewchanger.go:251	Node 2 resent a view change message with next view 1
node2-1  | Node 2: ошибка отправки сообщения узлу 1: rpc error: code = Unavailable desc = connection error: desc = "transport: Error while dialing: dial tcp 172.20.0.2:7050: connect: no route to host"
node3-1  | 2025-05-09T12:36:23.781Z	DEBUG	bft/viewchanger.go:277	Node 3 is processing a view change message view_change:{next_view:1} from 2 with next view 1
node3-1  | 2025-05-09T12:36:23.781Z	DEBUG	bft/viewchanger.go:397	view change voted 1 false
node3-1  | 
node3-1  | 2025-05-09T12:36:23.781Z	DEBUG	bft/viewchanger.go:403	case 2
node3-1  | Node 2 called sync
node2-1  | 2025-05-09T12:36:25.730Z	DEBUG	bft/viewchanger.go:264	Node 2 got a view change timeout, the current view is 0
node2-1  | 2025-05-09T12:36:25.731Z	DEBUG	bft/viewchanger.go:268	Node 2 is calling sync because it got a view change timeout
node2-1  | 2025-05-09T12:36:25.731Z	DEBUG	bft/viewchanger.go:373	Node 2 has already started view change with last view 0
node2-1  | 2025-05-09T12:36:25.731Z	DEBUG	bft/controller.go:539	get msg from syncChan
node2-1  | Node 2: Sync called
node2-1  | Trying to get seq 0 in sync
node2-1  | Node 2: ошибка отправки транзакции узлу 1: rpc error: code = Unavailable desc = connection error: desc = "transport: Error while dialing: dial tcp 172.20.0.2:7050: connect: no route to host"
node2-1  | Got sync proposal for seq 0, has_proposal false from node 3
node4-1  | Node 2 called sync
node2-1  | Got sync proposal for seq 0, has_proposal false from node 4
node2-1  | Returning from sync seq 0
node2-1  | 2025-05-09T12:36:25.737Z	INFO	bft/controller.go:637	Synchronizer returned with an empty proposal metadata
node2-1  | 2025-05-09T12:36:25.737Z	DEBUG	bft/statecollector.go:83	Node 2 started collecting state responses
node2-1  | Node 2: ошибка отправки сообщения узлу 1: rpc error: code = Unavailable desc = connection error: desc = "transport: Error while dialing: dial tcp 172.20.0.2:7050: connect: no route to host"
node3-1  | 2025-05-09T12:36:25.770Z	DEBUG	bft/viewchanger.go:251	Node 3 resent a view change message with next view 1
node3-1  | 2025-05-09T12:36:25.770Z	DEBUG	bft/viewchanger.go:264	Node 3 got a view change timeout, the current view is 0
node3-1  | 2025-05-09T12:36:25.770Z	DEBUG	bft/viewchanger.go:268	Node 3 is calling sync because it got a view change timeout
node3-1  | 2025-05-09T12:36:25.770Z	DEBUG	bft/viewchanger.go:373	Node 3 has already started view change with last view 0
node3-1  | 2025-05-09T12:36:25.770Z	DEBUG	bft/controller.go:539	get msg from syncChan
node3-1  | Node 3: ошибка отправки сообщения узлу 1: rpc error: code = Unavailable desc = connection error: desc = "transport: Error while dialing: dial tcp 172.20.0.2:7050: connect: no route to host"
node3-1  | Node 3: Sync called
node3-1  | Trying to get seq 0 in sync
node3-1  | Node 3: ошибка отправки транзакции узлу 1: rpc error: code = Unavailable desc = connection error: desc = "transport: Error while dialing: dial tcp 172.20.0.2:7050: connect: no route to host"
node2-1  | Node 3 called sync
node3-1  | Got sync proposal for seq 0, has_proposal false from node 2
node4-1  | Node 3 called sync
node3-1  | Got sync proposal for seq 0, has_proposal false from node 4
node3-1  | Returning from sync seq 0
node3-1  | 2025-05-09T12:36:25.782Z	INFO	bft/controller.go:637	Synchronizer returned with an empty proposal metadata
node3-1  | 2025-05-09T12:36:25.782Z	DEBUG	bft/statecollector.go:83	Node 3 started collecting state responses
node3-1  | Node 3: ошибка отправки сообщения узлу 1: rpc error: code = Unavailable desc = connection error: desc = "transport: Error while dialing: dial tcp 172.20.0.2:7050: connect: no route to host"
node2-1  | 2025-05-09T12:36:25.822Z	DEBUG	bft/viewchanger.go:277	Node 2 is processing a view change message view_change:{next_view:1} from 3 with next view 1
node2-1  | 2025-05-09T12:36:25.822Z	DEBUG	bft/viewchanger.go:397	view change voted 1 false
node2-1  | 
node2-1  | 2025-05-09T12:36:25.822Z	DEBUG	bft/viewchanger.go:403	case 2
node2-1  | 2025-05-09T12:36:25.852Z	DEBUG	bft/statecollector.go:58	Node 2 handling state response: state_transfer_response:{sequence:1}
node2-1  | 2025-05-09T12:36:25.852Z	DEBUG	bft/statecollector.go:93	Node 2 collected a response: state_transfer_response:{sequence:1}
node3-1  | 2025-05-09T12:36:25.883Z	DEBUG	bft/statecollector.go:58	Node 3 handling state response: state_transfer_response:{sequence:1}
node3-1  | 2025-05-09T12:36:25.883Z	DEBUG	bft/statecollector.go:93	Node 3 collected a response: state_transfer_response:{sequence:1}
node2-1  | 2025-05-09T12:36:26.737Z	INFO	bft/statecollector.go:90	Node 2 reached the state collector timeout
node2-1  | 2025-05-09T12:36:26.737Z	INFO	bft/controller.go:672	Fetching state failed
node2-1  | 2025-05-09T12:36:26.737Z	DEBUG	bft/controller.go:545	view and seq is zero
node2-1  | 2025-05-09T12:36:26.737Z	DEBUG	bft/controller.go:436	Got view change to 0 but view is already running
node3-1  | 2025-05-09T12:36:26.782Z	INFO	bft/statecollector.go:90	Node 3 reached the state collector timeout
node3-1  | 2025-05-09T12:36:26.782Z	INFO	bft/controller.go:672	Fetching state failed
node3-1  | 2025-05-09T12:36:26.782Z	DEBUG	bft/controller.go:545	view and seq is zero
node3-1  | 2025-05-09T12:36:26.782Z	DEBUG	bft/controller.go:436	Got view change to 0 but view is already running
node2-1  | 2025-05-09T12:36:28.731Z	DEBUG	bft/viewchanger.go:251	Node 2 resent a view change message with next view 1
node2-1  | Node 2: ошибка отправки сообщения узлу 1: rpc error: code = Unavailable desc = connection error: desc = "transport: Error while dialing: dial tcp 172.20.0.2:7050: connect: no route to host"
node3-1  | 2025-05-09T12:36:28.784Z	DEBUG	bft/viewchanger.go:277	Node 3 is processing a view change message view_change:{next_view:1} from 2 with next view 1
node3-1  | 2025-05-09T12:36:28.784Z	DEBUG	bft/viewchanger.go:397	view change voted 1 false
node3-1  | 
node3-1  | 2025-05-09T12:36:28.784Z	DEBUG	bft/viewchanger.go:403	case 2
node3-1  | 2025-05-09T12:36:30.770Z	DEBUG	bft/viewchanger.go:251	Node 3 resent a view change message with next view 1
node3-1  | Node 3: ошибка отправки сообщения узлу 1: rpc error: code = Unavailable desc = connection error: desc = "transport: Error while dialing: dial tcp 172.20.0.2:7050: connect: no route to host"
node2-1  | 2025-05-09T12:36:30.833Z	DEBUG	bft/viewchanger.go:277	Node 2 is processing a view change message view_change:{next_view:1} from 3 with next view 1
node2-1  | 2025-05-09T12:36:30.833Z	DEBUG	bft/viewchanger.go:397	view change voted 1 false
node2-1  | 
node2-1  | 2025-05-09T12:36:30.833Z	DEBUG	bft/viewchanger.go:403	case 2
node2-1  | 2025-05-09T12:36:34.731Z	DEBUG	bft/viewchanger.go:251	Node 2 resent a view change message with next view 1
node2-1  | Node 2: ошибка отправки сообщения узлу 1: rpc error: code = Unavailable desc = connection error: desc = "transport: Error while dialing: dial tcp 172.20.0.2:7050: connect: no route to host"
node3-1  | 2025-05-09T12:36:34.783Z	DEBUG	bft/viewchanger.go:277	Node 3 is processing a view change message view_change:{next_view:1} from 2 with next view 1
node3-1  | 2025-05-09T12:36:34.783Z	DEBUG	bft/viewchanger.go:397	view change voted 1 false
node3-1  | 
node3-1  | 2025-05-09T12:36:34.783Z	DEBUG	bft/viewchanger.go:403	case 2
node3-1  | 2025-05-09T12:36:36.771Z	DEBUG	bft/viewchanger.go:251	Node 3 resent a view change message with next view 1
node3-1  | Node 3: ошибка отправки сообщения узлу 1: rpc error: code = Unavailable desc = connection error: desc = "transport: Error while dialing: dial tcp 172.20.0.2:7050: connect: no route to host"
node2-1  | 2025-05-09T12:36:36.817Z	DEBUG	bft/viewchanger.go:277	Node 2 is processing a view change message view_change:{next_view:1} from 3 with next view 1
node2-1  | 2025-05-09T12:36:36.817Z	DEBUG	bft/viewchanger.go:397	view change voted 1 false
node2-1  | 
node2-1  | 2025-05-09T12:36:36.817Z	DEBUG	bft/viewchanger.go:403	case 2
node2-1  | 2025-05-09T12:36:40.731Z	DEBUG	bft/viewchanger.go:251	Node 2 resent a view change message with next view 1
node2-1  | Node 2: ошибка отправки сообщения узлу 1: rpc error: code = Unavailable desc = connection error: desc = "transport: Error while dialing: dial tcp 172.20.0.2:7050: connect: no route to host"
node3-1  | 2025-05-09T12:36:40.789Z	DEBUG	bft/viewchanger.go:277	Node 3 is processing a view change message view_change:{next_view:1} from 2 with next view 1
node3-1  | 2025-05-09T12:36:40.789Z	DEBUG	bft/viewchanger.go:397	view change voted 1 false
node3-1  | 
node3-1  | 2025-05-09T12:36:40.789Z	DEBUG	bft/viewchanger.go:403	case 2
node3-1  | 2025-05-09T12:36:41.770Z	DEBUG	bft/viewchanger.go:251	Node 3 resent a view change message with next view 1
node3-1  | Node 3: ошибка отправки сообщения узлу 1: rpc error: code = Unavailable desc = connection error: desc = "transport: Error while dialing: dial tcp 172.20.0.2:7050: connect: no route to host"
node2-1  | 2025-05-09T12:36:41.828Z	DEBUG	bft/viewchanger.go:277	Node 2 is processing a view change message view_change:{next_view:1} from 3 with next view 1
node2-1  | 2025-05-09T12:36:41.828Z	DEBUG	bft/viewchanger.go:397	view change voted 1 false
node2-1  | 
node2-1  | 2025-05-09T12:36:41.828Z	DEBUG	bft/viewchanger.go:403	case 2
node2-1  | 2025-05-09T12:36:44.731Z	DEBUG	bft/viewchanger.go:264	Node 2 got a view change timeout, the current view is 0
node2-1  | 2025-05-09T12:36:44.731Z	DEBUG	bft/viewchanger.go:268	Node 2 is calling sync because it got a view change timeout
node2-1  | 2025-05-09T12:36:44.731Z	DEBUG	bft/viewchanger.go:373	Node 2 has already started view change with last view 0
node2-1  | 2025-05-09T12:36:44.731Z	DEBUG	bft/controller.go:539	get msg from syncChan
node2-1  | Node 2: Sync called
node2-1  | Trying to get seq 0 in sync
node2-1  | Node 2: ошибка отправки транзакции узлу 1: rpc error: code = Unavailable desc = connection error: desc = "transport: Error while dialing: dial tcp 172.20.0.2:7050: connect: no route to host"
node2-1  | Got sync proposal for seq 0, has_proposal false from node 3
node3-1  | Node 2 called sync
node4-1  | Node 2 called sync
node2-1  | Got sync proposal for seq 0, has_proposal false from node 4
node2-1  | Returning from sync seq 0
node2-1  | 2025-05-09T12:36:44.732Z	INFO	bft/controller.go:637	Synchronizer returned with an empty proposal metadata
node2-1  | 2025-05-09T12:36:44.732Z	DEBUG	bft/statecollector.go:83	Node 2 started collecting state responses
node2-1  | Node 2: ошибка отправки сообщения узлу 1: rpc error: code = Unavailable desc = connection error: desc = "transport: Error while dialing: dial tcp 172.20.0.2:7050: connect: no route to host"
node2-1  | 2025-05-09T12:36:44.846Z	DEBUG	bft/statecollector.go:58	Node 2 handling state response: state_transfer_response:{sequence:1}
node2-1  | 2025-05-09T12:36:44.847Z	DEBUG	bft/statecollector.go:93	Node 2 collected a response: state_transfer_response:{sequence:1}
node2-1  | 2025-05-09T12:36:45.733Z	INFO	bft/statecollector.go:90	Node 2 reached the state collector timeout
node2-1  | 2025-05-09T12:36:45.733Z	INFO	bft/controller.go:672	Fetching state failed
node2-1  | 2025-05-09T12:36:45.733Z	DEBUG	bft/controller.go:545	view and seq is zero
node2-1  | 2025-05-09T12:36:45.733Z	DEBUG	bft/controller.go:436	Got view change to 0 but view is already running
node3-1  | 2025-05-09T12:36:45.770Z	DEBUG	bft/viewchanger.go:264	Node 3 got a view change timeout, the current view is 0
node3-1  | 2025-05-09T12:36:45.770Z	DEBUG	bft/viewchanger.go:268	Node 3 is calling sync because it got a view change timeout
node3-1  | 2025-05-09T12:36:45.770Z	DEBUG	bft/viewchanger.go:373	Node 3 has already started view change with last view 0
node3-1  | 2025-05-09T12:36:45.770Z	DEBUG	bft/controller.go:539	get msg from syncChan
node3-1  | Node 3: Sync called
node3-1  | Trying to get seq 0 in sync
node3-1  | Node 3: ошибка отправки транзакции узлу 1: rpc error: code = Unavailable desc = connection error: desc = "transport: Error while dialing: dial tcp 172.20.0.2:7050: connect: no route to host"
node2-1  | Node 3 called sync
node3-1  | Got sync proposal for seq 0, has_proposal false from node 2
node4-1  | Node 3 called sync
node3-1  | Got sync proposal for seq 0, has_proposal false from node 4
node3-1  | Returning from sync seq 0
node3-1  | 2025-05-09T12:36:45.781Z	INFO	bft/controller.go:637	Synchronizer returned with an empty proposal metadata
node3-1  | 2025-05-09T12:36:45.781Z	DEBUG	bft/statecollector.go:83	Node 3 started collecting state responses
node3-1  | Node 3: ошибка отправки сообщения узлу 1: rpc error: code = Unavailable desc = connection error: desc = "transport: Error while dialing: dial tcp 172.20.0.2:7050: connect: no route to host"
node3-1  | 2025-05-09T12:36:45.892Z	DEBUG	bft/statecollector.go:58	Node 3 handling state response: state_transfer_response:{sequence:1}
node3-1  | 2025-05-09T12:36:45.892Z	DEBUG	bft/statecollector.go:93	Node 3 collected a response: state_transfer_response:{sequence:1}
node2-1  | 2025-05-09T12:36:46.730Z	DEBUG	bft/viewchanger.go:251	Node 2 resent a view change message with next view 1
node2-1  | Node 2: ошибка отправки сообщения узлу 1: rpc error: code = Unavailable desc = connection error: desc = "transport: Error while dialing: dial tcp 172.20.0.2:7050: connect: no route to host"
node3-1  | 2025-05-09T12:36:46.782Z	INFO	bft/statecollector.go:90	Node 3 reached the state collector timeout
node3-1  | 2025-05-09T12:36:46.782Z	INFO	bft/controller.go:672	Fetching state failed
node3-1  | 2025-05-09T12:36:46.783Z	DEBUG	bft/controller.go:545	view and seq is zero
node3-1  | 2025-05-09T12:36:46.783Z	DEBUG	bft/controller.go:436	Got view change to 0 but view is already running
node3-1  | 2025-05-09T12:36:46.788Z	DEBUG	bft/viewchanger.go:277	Node 3 is processing a view change message view_change:{next_view:1} from 2 with next view 1
node3-1  | 2025-05-09T12:36:46.788Z	DEBUG	bft/viewchanger.go:397	view change voted 1 false
node3-1  | 
node3-1  | 2025-05-09T12:36:46.788Z	DEBUG	bft/viewchanger.go:403	case 2
node3-1  | 2025-05-09T12:36:47.771Z	DEBUG	bft/viewchanger.go:251	Node 3 resent a view change message with next view 1
node3-1  | Node 3: ошибка отправки сообщения узлу 1: rpc error: code = Unavailable desc = connection error: desc = "transport: Error while dialing: dial tcp 172.20.0.2:7050: connect: no route to host"
node2-1  | 2025-05-09T12:36:47.833Z	DEBUG	bft/viewchanger.go:277	Node 2 is processing a view change message view_change:{next_view:1} from 3 with next view 1
node2-1  | 2025-05-09T12:36:47.833Z	DEBUG	bft/viewchanger.go:397	view change voted 1 false
node2-1  | 
node2-1  | 2025-05-09T12:36:47.833Z	DEBUG	bft/viewchanger.go:403	case 2
node2-1  | Node 2: ошибка отправки сообщения узлу 1: rpc error: code = Unavailable desc = connection error: desc = "transport: Error while dialing: dial tcp 172.20.0.2:7050: connect: no route to host"
node2-1  | 2025-05-09T12:36:51.730Z	DEBUG	bft/viewchanger.go:251	Node 2 resent a view change message with next view 1
node3-1  | 2025-05-09T12:36:51.781Z	DEBUG	bft/viewchanger.go:277	Node 3 is processing a view change message view_change:{next_view:1} from 2 with next view 1
node3-1  | 2025-05-09T12:36:51.781Z	DEBUG	bft/viewchanger.go:397	view change voted 1 false
node3-1  | 
node3-1  | 2025-05-09T12:36:51.781Z	DEBUG	bft/viewchanger.go:403	case 2
node3-1  | 2025-05-09T12:36:53.770Z	DEBUG	bft/viewchanger.go:251	Node 3 resent a view change message with next view 1
node3-1  | Node 3: ошибка отправки сообщения узлу 1: rpc error: code = Unavailable desc = connection error: desc = "transport: Error while dialing: dial tcp 172.20.0.2:7050: connect: no route to host"
node2-1  | 2025-05-09T12:36:53.822Z	DEBUG	bft/viewchanger.go:277	Node 2 is processing a view change message view_change:{next_view:1} from 3 with next view 1
node2-1  | 2025-05-09T12:36:53.822Z	DEBUG	bft/viewchanger.go:397	view change voted 1 false
node2-1  | 
node2-1  | 2025-05-09T12:36:53.822Z	DEBUG	bft/viewchanger.go:403	case 2
node2-1  | 2025-05-09T12:36:57.730Z	DEBUG	bft/viewchanger.go:251	Node 2 resent a view change message with next view 1
node2-1  | Node 2: ошибка отправки сообщения узлу 1: rpc error: code = Unavailable desc = connection error: desc = "transport: Error while dialing: dial tcp 172.20.0.2:7050: connect: no route to host"
node3-1  | 2025-05-09T12:36:57.792Z	DEBUG	bft/viewchanger.go:277	Node 3 is processing a view change message view_change:{next_view:1} from 2 with next view 1
node3-1  | 2025-05-09T12:36:57.792Z	DEBUG	bft/viewchanger.go:397	view change voted 1 false
node3-1  | 
node3-1  | 2025-05-09T12:36:57.792Z	DEBUG	bft/viewchanger.go:403	case 2
node3-1  | Node 3: ошибка отправки сообщения узлу 1: rpc error: code = Unavailable desc = connection error: desc = "transport: Error while dialing: dial tcp 172.20.0.2:7050: connect: no route to host"
node3-1  | 2025-05-09T12:36:58.770Z	DEBUG	bft/viewchanger.go:251	Node 3 resent a view change message with next view 1
node2-1  | 2025-05-09T12:36:58.827Z	DEBUG	bft/viewchanger.go:277	Node 2 is processing a view change message view_change:{next_view:1} from 3 with next view 1
node2-1  | 2025-05-09T12:36:58.827Z	DEBUG	bft/viewchanger.go:397	view change voted 1 false
node2-1  | 
node2-1  | 2025-05-09T12:36:58.827Z	DEBUG	bft/viewchanger.go:403	case 2
node2-1  | 2025-05-09T12:37:02.731Z	DEBUG	bft/viewchanger.go:251	Node 2 resent a view change message with next view 1
node2-1  | Node 2: ошибка отправки сообщения узлу 1: rpc error: code = Unavailable desc = connection error: desc = "transport: Error while dialing: dial tcp 172.20.0.2:7050: connect: no route to host"
node3-1  | 2025-05-09T12:37:02.779Z	DEBUG	bft/viewchanger.go:277	Node 3 is processing a view change message view_change:{next_view:1} from 2 with next view 1
node3-1  | 2025-05-09T12:37:02.780Z	DEBUG	bft/viewchanger.go:397	view change voted 1 false
node3-1  | 
node3-1  | 2025-05-09T12:37:02.780Z	DEBUG	bft/viewchanger.go:403	case 2
node2-1  | 2025-05-09T12:37:04.731Z	DEBUG	bft/viewchanger.go:264	Node 2 got a view change timeout, the current view is 0
node2-1  | 2025-05-09T12:37:04.731Z	DEBUG	bft/viewchanger.go:268	Node 2 is calling sync because it got a view change timeout
node2-1  | 2025-05-09T12:37:04.731Z	DEBUG	bft/viewchanger.go:373	Node 2 has already started view change with last view 0
node2-1  | 2025-05-09T12:37:04.731Z	DEBUG	bft/controller.go:539	get msg from syncChan
node2-1  | Node 2: Sync called
node2-1  | Trying to get seq 0 in sync
node2-1  | Node 2: ошибка отправки транзакции узлу 1: rpc error: code = Unavailable desc = connection error: desc = "transport: Error while dialing: dial tcp 172.20.0.2:7050: connect: no route to host"
node2-1  | Got sync proposal for seq 0, has_proposal false from node 3
node3-1  | Node 2 called sync
node4-1  | Node 2 called sync
node2-1  | Got sync proposal for seq 0, has_proposal false from node 4
node2-1  | Returning from sync seq 0
node2-1  | 2025-05-09T12:37:04.738Z	INFO	bft/controller.go:637	Synchronizer returned with an empty proposal metadata
node2-1  | 2025-05-09T12:37:04.738Z	DEBUG	bft/statecollector.go:83	Node 2 started collecting state responses
node2-1  | Node 2: ошибка отправки сообщения узлу 1: rpc error: code = Unavailable desc = connection error: desc = "transport: Error while dialing: dial tcp 172.20.0.2:7050: connect: no route to host"
node3-1  | 2025-05-09T12:37:04.770Z	DEBUG	bft/viewchanger.go:251	Node 3 resent a view change message with next view 1
node3-1  | Node 3: ошибка отправки сообщения узлу 1: rpc error: code = Unavailable desc = connection error: desc = "transport: Error while dialing: dial tcp 172.20.0.2:7050: connect: no route to host"
node2-1  | 2025-05-09T12:37:04.815Z	DEBUG	bft/viewchanger.go:277	Node 2 is processing a view change message view_change:{next_view:1} from 3 with next view 1
node2-1  | 2025-05-09T12:37:04.815Z	DEBUG	bft/viewchanger.go:397	view change voted 1 false
node2-1  | 
node2-1  | 2025-05-09T12:37:04.815Z	DEBUG	bft/viewchanger.go:403	case 2
node2-1  | 2025-05-09T12:37:04.859Z	DEBUG	bft/statecollector.go:58	Node 2 handling state response: state_transfer_response:{sequence:1}
node2-1  | 2025-05-09T12:37:04.859Z	DEBUG	bft/statecollector.go:93	Node 2 collected a response: state_transfer_response:{sequence:1}
node2-1  | 2025-05-09T12:37:05.739Z	INFO	bft/statecollector.go:90	Node 2 reached the state collector timeout
node2-1  | 2025-05-09T12:37:05.739Z	INFO	bft/controller.go:672	Fetching state failed
node2-1  | 2025-05-09T12:37:05.739Z	DEBUG	bft/controller.go:545	view and seq is zero
node2-1  | 2025-05-09T12:37:05.739Z	DEBUG	bft/controller.go:436	Got view change to 0 but view is already running
node3-1  | 2025-05-09T12:37:05.770Z	DEBUG	bft/viewchanger.go:264	Node 3 got a view change timeout, the current view is 0
node3-1  | Node 3: Sync called
node3-1  | Trying to get seq 0 in sync
node3-1  | Node 3: ошибка отправки транзакции узлу 1: rpc error: code = Unavailable desc = connection error: desc = "transport: Error while dialing: dial tcp 172.20.0.2:7050: connect: no route to host"
node3-1  | 2025-05-09T12:37:05.770Z	DEBUG	bft/viewchanger.go:268	Node 3 is calling sync because it got a view change timeout
node3-1  | 2025-05-09T12:37:05.770Z	DEBUG	bft/viewchanger.go:373	Node 3 has already started view change with last view 0
node3-1  | 2025-05-09T12:37:05.770Z	DEBUG	bft/controller.go:539	get msg from syncChan
node4-1  | Node 3 called sync
node3-1  | Got sync proposal for seq 0, has_proposal false from node 4
node2-1  | Node 3 called sync
