node2-1  | 2025-05-09T12:31:02.730Z	DEBUG	wal/writeaheadlog.go:755	CRC-Anchor DEED0001 written to file: /app/data/node2/0000000000000001.wal, at offset 0, size=16
node2-1  | 2025-05-09T12:31:02.730Z	INFO	wal/writeaheadlog.go:192	Write-Ahead-Log created successfully, mode: WRITE, dir: /app/data/node2
node2-1  | 2025-05-09T12:31:02.730Z	DEBUG	consensus/consensus.go:153	Application started with view 0, seq 0, and decisions 0
node2-1  | 2025-05-09T12:31:02.730Z	INFO	bft/state.go:99	Nothing to restore
node2-1  | 2025-05-09T12:31:02.730Z	DEBUG	consensus/consensus.go:481	No view change to restore
node2-1  | 2025-05-09T12:31:02.730Z	INFO	bft/state.go:80	Nothing to restore
node2-1  | 2025-05-09T12:31:02.730Z	DEBUG	consensus/consensus.go:496	No new view to restore
node1-1  | 2025-05-09T12:31:02.701Z	DEBUG	wal/writeaheadlog.go:755	CRC-Anchor DEED0001 written to file: /app/data/node1/0000000000000001.wal, at offset 0, size=16
node1-1  | 2025-05-09T12:31:02.701Z	INFO	wal/writeaheadlog.go:192	Write-Ahead-Log created successfully, mode: WRITE, dir: /app/data/node1
node1-1  | 2025-05-09T12:31:02.701Z	DEBUG	consensus/consensus.go:153	Application started with view 0, seq 0, and decisions 0
node1-1  | 2025-05-09T12:31:02.701Z	INFO	bft/state.go:99	Nothing to restore
node3-1  | 2025-05-09T12:31:02.769Z	DEBUG	wal/writeaheadlog.go:755	CRC-Anchor DEED0001 written to file: /app/data/node3/0000000000000001.wal, at offset 0, size=16
node3-1  | 2025-05-09T12:31:02.770Z	INFO	wal/writeaheadlog.go:192	Write-Ahead-Log created successfully, mode: WRITE, dir: /app/data/node3
node3-1  | 2025-05-09T12:31:02.770Z	DEBUG	consensus/consensus.go:153	Application started with view 0, seq 0, and decisions 0
node1-1  | 2025-05-09T12:31:02.701Z	DEBUG	consensus/consensus.go:481	No view change to restore
node1-1  | 2025-05-09T12:31:02.701Z	INFO	bft/state.go:80	Nothing to restore
node1-1  | 2025-05-09T12:31:02.701Z	DEBUG	consensus/consensus.go:496	No new view to restore
node1-1  | 2025-05-09T12:31:02.701Z	DEBUG	bft/controller.go:812	Starting controller with view 0, sequence 1, and decisions 0
node1-1  | 2025-05-09T12:31:02.701Z	DEBUG	bft/controller.go:833	The number of nodes (N) is 4, F is 1, and the quorum size is 3
node1-1  | 2025-05-09T12:31:02.702Z	INFO	bft/state.go:121	Nothing to restore
node1-1  | 2025-05-09T12:31:02.702Z	DEBUG	bft/controller.go:413	Acquiring leader token when starting view with phase COMMITTED
node1-1  | Файл открыт <nil>
node1-1  | 2025-05-09T12:31:02.702Z	INFO	bft/heartbeatmonitor.go:185	Changing to leader role, current view: 0, current leader: 1
node1-1  | 2025-05-09T12:31:02.702Z	INFO	bft/controller.go:421	Starting view with number 0, sequence 1, and decisions 0
node1-1  | Node 1 starting
node3-1  | 2025-05-09T12:31:02.770Z	INFO	bft/state.go:99	Nothing to restore
node1-1  | 2025-05-09T12:31:02.702Z	INFO	naive_chain/main.go:244	Node 1 started successfully
node2-1  | 2025-05-09T12:31:02.730Z	DEBUG	bft/controller.go:812	Starting controller with view 0, sequence 1, and decisions 0
node2-1  | 2025-05-09T12:31:02.730Z	DEBUG	bft/controller.go:833	The number of nodes (N) is 4, F is 1, and the quorum size is 3
node4-1  | 2025-05-09T12:31:02.670Z	DEBUG	wal/writeaheadlog.go:755	CRC-Anchor DEED0001 written to file: /app/data/node4/0000000000000001.wal, at offset 0, size=16
node4-1  | 2025-05-09T12:31:02.670Z	INFO	wal/writeaheadlog.go:192	Write-Ahead-Log created successfully, mode: WRITE, dir: /app/data/node4
node4-1  | Node 4 starting
node4-1  | 2025-05-09T12:31:02.670Z	INFO	naive_chain/main.go:244	Node 4 started successfully
node3-1  | 2025-05-09T12:31:02.770Z	DEBUG	consensus/consensus.go:481	No view change to restore
node2-1  | 2025-05-09T12:31:02.730Z	INFO	bft/state.go:121	Nothing to restore
node2-1  | Файл открыт <nil>
node2-1  | 2025-05-09T12:31:02.730Z	INFO	bft/heartbeatmonitor.go:185	Changing to follower role, current view: 0, current leader: 1
node2-1  | 2025-05-09T12:31:02.730Z	INFO	bft/controller.go:421	Starting view with number 0, sequence 1, and decisions 0
node2-1  | Node 2 starting
node2-1  | 2025-05-09T12:31:02.731Z	INFO	naive_chain/main.go:244	Node 2 started successfully
node3-1  | 2025-05-09T12:31:02.770Z	INFO	bft/state.go:80	Nothing to restore
node3-1  | 2025-05-09T12:31:02.770Z	DEBUG	consensus/consensus.go:496	No new view to restore
node3-1  | 2025-05-09T12:31:02.770Z	DEBUG	bft/controller.go:812	Starting controller with view 0, sequence 1, and decisions 0
node3-1  | 2025-05-09T12:31:02.770Z	DEBUG	bft/controller.go:833	The number of nodes (N) is 4, F is 1, and the quorum size is 3
node3-1  | 2025-05-09T12:31:02.770Z	INFO	bft/state.go:121	Nothing to restore
node3-1  | 2025-05-09T12:31:02.770Z	INFO	bft/heartbeatmonitor.go:185	Changing to follower role, current view: 0, current leader: 1
node3-1  | 2025-05-09T12:31:02.770Z	INFO	bft/controller.go:421	Starting view with number 0, sequence 1, and decisions 0
node3-1  | 2025-05-09T12:31:02.771Z	INFO	naive_chain/main.go:244	Node 3 started successfully
node3-1  | Файл открыт <nil>
node3-1  | Node 3 starting
node4-1  | 2025-05-09T12:31:07.676Z	INFO	naive_chain/main.go:252	Successfully connected to other nodes
node1-1  | 2025-05-09T12:31:07.706Z	INFO	naive_chain/main.go:252	Successfully connected to other nodes
node2-1  | 2025-05-09T12:31:07.734Z	INFO	naive_chain/main.go:252	Successfully connected to other nodes
node1-1  | 2025-05-09T12:31:07.772Z	DEBUG	bft/controller.go:254	Handled Request from 4 id 6-2
node3-1  | 2025-05-09T12:31:07.774Z	INFO	naive_chain/main.go:252	Successfully connected to other nodes
node1-1  | 2025-05-09T12:31:07.775Z	DEBUG	bft/controller.go:254	Handled Request from 4 id 2-2
node1-1  | 2025-05-09T12:31:07.776Z	DEBUG	bft/controller.go:254	Handled Request from 4 id 3-2
node1-1  | 2025-05-09T12:31:07.778Z	DEBUG	bft/controller.go:254	Handled Request from 4 id 4-2
node1-1  | 2025-05-09T12:31:07.781Z	DEBUG	bft/controller.go:254	Handled Request from 4 id 8-2
node1-1  | 2025-05-09T12:31:07.781Z	DEBUG	bft/controller.go:254	Handled Request from 4 id 10-2
node1-1  | panic: runtime error: invalid memory address or nil pointer dereference
node1-1  | 	panic: runtime error: invalid memory address or nil pointer dereference
node1-1  | [signal SIGSEGV: segmentation violation code=0x1 addr=0x18 pc=0x6a0aff]
node1-1  | 
node1-1  | goroutine 17 [running]:
node1-1  | github.com/hyperledger-labs/SmartBFT/internal/bft.(*Requests).pollRequests.func1()
node1-1  | 	/go/pkg/mod/github.com/nastya-biran/!smart!b!f!t@v0.0.0-20250509122840-19ded464798a/internal/bft/util.go:661 +0x1f
node1-1  | panic({0x98d680?, 0xf1d500?})
node1-1  | 	/usr/local/go/src/runtime/panic.go:792 +0x132
node1-1  | github.com/hyperledger-labs/SmartBFT/internal/bft.(*Requests).tryReadFromChannel(0xc000180eb8, 0x3, {0xc000132000, 0xc00006af80?, 0x0?})
node1-1  | 	/go/pkg/mod/github.com/nastya-biran/!smart!b!f!t@v0.0.0-20250509122840-19ded464798a/internal/bft/util.go:651 +0x1e4
node1-1  | github.com/hyperledger-labs/SmartBFT/internal/bft.(*Requests).pollRequests(0xc000180eb8)
node1-1  | 	/go/pkg/mod/github.com/nastya-biran/!smart!b!f!t@v0.0.0-20250509122840-19ded464798a/internal/bft/util.go:687 +0x18c
node1-1  | created by github.com/hyperledger-labs/SmartBFT/internal/bft.(*Controller).run in goroutine 12
node1-1  | 	/go/pkg/mod/github.com/nastya-biran/!smart!b!f!t@v0.0.0-20250509122840-19ded464798a/internal/bft/controller.go:523 +0xa7
[Knode1-1 exited with code 2
node2-1  | 2025-05-09T12:32:04.730Z	WARN	bft/heartbeatmonitor.go:386	Heartbeat timeout (1m0s) from 1 expired; last heartbeat was observed 1m0.999997847s ago
node2-1  | github.com/hyperledger-labs/SmartBFT/internal/bft.(*HeartbeatMonitor).followerTick
node2-1  | 	/go/pkg/mod/github.com/nastya-biran/!smart!b!f!t@v0.0.0-20250509122840-19ded464798a/internal/bft/heartbeatmonitor.go:386
node2-1  | github.com/hyperledger-labs/SmartBFT/internal/bft.(*HeartbeatMonitor).tick
node2-1  | 	/go/pkg/mod/github.com/nastya-biran/!smart!b!f!t@v0.0.0-20250509122840-19ded464798a/internal/bft/heartbeatmonitor.go:321
node2-1  | github.com/hyperledger-labs/SmartBFT/internal/bft.(*HeartbeatMonitor).run
node2-1  | 	/go/pkg/mod/github.com/nastya-biran/!smart!b!f!t@v0.0.0-20250509122840-19ded464798a/internal/bft/heartbeatmonitor.go:126
node2-1  | 2025-05-09T12:32:04.730Z	DEBUG	bft/controller.go:328	Heartbeat timeout expired, reported-view: 0, reported-leader: 1
node2-1  | 2025-05-09T12:32:04.730Z	WARN	bft/controller.go:342	Heartbeat timeout expired, complaining about leader: 1
node2-1  | github.com/hyperledger-labs/SmartBFT/internal/bft.(*Controller).OnHeartbeatTimeout
node2-1  | 	/go/pkg/mod/github.com/nastya-biran/!smart!b!f!t@v0.0.0-20250509122840-19ded464798a/internal/bft/controller.go:342
node2-1  | github.com/hyperledger-labs/SmartBFT/internal/bft.(*HeartbeatMonitor).followerTick
node2-1  | 	/go/pkg/mod/github.com/nastya-biran/!smart!b!f!t@v0.0.0-20250509122840-19ded464798a/internal/bft/heartbeatmonitor.go:388
node2-1  | github.com/hyperledger-labs/SmartBFT/internal/bft.(*HeartbeatMonitor).tick
node2-1  | 	/go/pkg/mod/github.com/nastya-biran/!smart!b!f!t@v0.0.0-20250509122840-19ded464798a/internal/bft/heartbeatmonitor.go:321
node2-1  | github.com/hyperledger-labs/SmartBFT/internal/bft.(*HeartbeatMonitor).run
node2-1  | 	/go/pkg/mod/github.com/nastya-biran/!smart!b!f!t@v0.0.0-20250509122840-19ded464798a/internal/bft/heartbeatmonitor.go:126
node2-1  | 2025-05-09T12:32:04.730Z	DEBUG	bft/requestpool.go:467	Stopped all timers: size=0
node2-1  | 2025-05-09T12:32:04.730Z	DEBUG	bft/viewchanger.go:388	Node 2 started view change, last view is 0
node2-1  | 2025-05-09T12:32:04.730Z	DEBUG	bft/controller.go:484	AbortView, the current view num is 0
node2-1  | 2025-05-09T12:32:04.730Z	DEBUG	bft/controller.go:456	view for abort 0, current view 0
node2-1  | 2025-05-09T12:32:04.730Z	DEBUG	bft/controller.go:468	Aborting current view with number 0
node3-1  | 2025-05-09T12:32:04.770Z	WARN	bft/heartbeatmonitor.go:386	Heartbeat timeout (1m0s) from 1 expired; last heartbeat was observed 1m1.000001641s ago
node3-1  | github.com/hyperledger-labs/SmartBFT/internal/bft.(*HeartbeatMonitor).followerTick
node3-1  | 	/go/pkg/mod/github.com/nastya-biran/!smart!b!f!t@v0.0.0-20250509122840-19ded464798a/internal/bft/heartbeatmonitor.go:386
node3-1  | github.com/hyperledger-labs/SmartBFT/internal/bft.(*HeartbeatMonitor).tick
node3-1  | 	/go/pkg/mod/github.com/nastya-biran/!smart!b!f!t@v0.0.0-20250509122840-19ded464798a/internal/bft/heartbeatmonitor.go:321
node3-1  | github.com/hyperledger-labs/SmartBFT/internal/bft.(*HeartbeatMonitor).run
node3-1  | 	/go/pkg/mod/github.com/nastya-biran/!smart!b!f!t@v0.0.0-20250509122840-19ded464798a/internal/bft/heartbeatmonitor.go:126
node3-1  | 2025-05-09T12:32:04.770Z	DEBUG	bft/controller.go:328	Heartbeat timeout expired, reported-view: 0, reported-leader: 1
node3-1  | 2025-05-09T12:32:04.770Z	WARN	bft/controller.go:342	Heartbeat timeout expired, complaining about leader: 1
node3-1  | github.com/hyperledger-labs/SmartBFT/internal/bft.(*Controller).OnHeartbeatTimeout
node3-1  | 	/go/pkg/mod/github.com/nastya-biran/!smart!b!f!t@v0.0.0-20250509122840-19ded464798a/internal/bft/controller.go:342
node3-1  | github.com/hyperledger-labs/SmartBFT/internal/bft.(*HeartbeatMonitor).followerTick
node3-1  | 	/go/pkg/mod/github.com/nastya-biran/!smart!b!f!t@v0.0.0-20250509122840-19ded464798a/internal/bft/heartbeatmonitor.go:388
node3-1  | github.com/hyperledger-labs/SmartBFT/internal/bft.(*HeartbeatMonitor).tick
node3-1  | 	/go/pkg/mod/github.com/nastya-biran/!smart!b!f!t@v0.0.0-20250509122840-19ded464798a/internal/bft/heartbeatmonitor.go:321
node3-1  | github.com/hyperledger-labs/SmartBFT/internal/bft.(*HeartbeatMonitor).run
node3-1  | 	/go/pkg/mod/github.com/nastya-biran/!smart!b!f!t@v0.0.0-20250509122840-19ded464798a/internal/bft/heartbeatmonitor.go:126
node3-1  | 2025-05-09T12:32:04.770Z	DEBUG	bft/requestpool.go:467	Stopped all timers: size=0
node3-1  | 2025-05-09T12:32:04.770Z	DEBUG	bft/viewchanger.go:388	Node 3 started view change, last view is 0
node3-1  | 2025-05-09T12:32:04.770Z	DEBUG	bft/controller.go:484	AbortView, the current view num is 0
node3-1  | 2025-05-09T12:32:04.770Z	DEBUG	bft/controller.go:456	view for abort 0, current view 0
node3-1  | 2025-05-09T12:32:04.770Z	DEBUG	bft/controller.go:468	Aborting current view with number 0
node3-1  | 2025-05-09T12:32:04.781Z	DEBUG	bft/viewchanger.go:277	Node 3 is processing a view change message view_change:{next_view:1} from 2 with next view 1
node3-1  | 2025-05-09T12:32:04.781Z	DEBUG	bft/viewchanger.go:397	view change voted 1 false
node3-1  | 
node3-1  | 2025-05-09T12:32:04.781Z	DEBUG	bft/viewchanger.go:403	case 2
node2-1  | 2025-05-09T12:32:04.834Z	DEBUG	bft/viewchanger.go:277	Node 2 is processing a view change message view_change:{next_view:1} from 3 with next view 1
node2-1  | 2025-05-09T12:32:04.834Z	DEBUG	bft/viewchanger.go:397	view change voted 1 false
node2-1  | 
node2-1  | 2025-05-09T12:32:04.834Z	DEBUG	bft/viewchanger.go:403	case 2
node2-1  | 2025-05-09T12:32:05.730Z	DEBUG	bft/viewchanger.go:251	Node 2 resent a view change message with next view 1
node3-1  | 2025-05-09T12:32:05.771Z	DEBUG	bft/viewchanger.go:251	Node 3 resent a view change message with next view 1
node3-1  | 2025-05-09T12:32:05.783Z	DEBUG	bft/viewchanger.go:277	Node 3 is processing a view change message view_change:{next_view:1} from 2 with next view 1
node3-1  | 2025-05-09T12:32:05.783Z	DEBUG	bft/viewchanger.go:397	view change voted 1 false
node3-1  | 
node3-1  | 2025-05-09T12:32:05.783Z	DEBUG	bft/viewchanger.go:403	case 2
node2-1  | 2025-05-09T12:32:05.834Z	DEBUG	bft/viewchanger.go:277	Node 2 is processing a view change message view_change:{next_view:1} from 3 with next view 1
node2-1  | 2025-05-09T12:32:05.834Z	DEBUG	bft/viewchanger.go:397	view change voted 1 false
node2-1  | 
node2-1  | 2025-05-09T12:32:05.834Z	DEBUG	bft/viewchanger.go:403	case 2
node2-1  | Node 2: ошибка отправки сообщения узлу 1: rpc error: code = Unavailable desc = connection error: desc = "transport: Error while dialing: dial tcp 172.20.0.2:7050: connect: no route to host"
node2-1  | Node 2: ошибка отправки сообщения узлу 1: rpc error: code = Unavailable desc = connection error: desc = "transport: Error while dialing: dial tcp 172.20.0.2:7050: connect: no route to host"
node3-1  | Node 3: ошибка отправки сообщения узлу 1: rpc error: code = Unavailable desc = connection error: desc = "transport: Error while dialing: dial tcp 172.20.0.2:7050: connect: no route to host"
node3-1  | Node 3: ошибка отправки сообщения узлу 1: rpc error: code = Unavailable desc = connection error: desc = "transport: Error while dialing: dial tcp 172.20.0.2:7050: connect: no route to host"
node2-1  | 2025-05-09T12:32:10.730Z	DEBUG	bft/viewchanger.go:251	Node 2 resent a view change message with next view 1
node2-1  | Node 2: ошибка отправки сообщения узлу 1: rpc error: code = Unavailable desc = connection error: desc = "transport: Error while dialing: dial tcp 172.20.0.2:7050: connect: no route to host"
node3-1  | 2025-05-09T12:32:10.779Z	DEBUG	bft/viewchanger.go:277	Node 3 is processing a view change message view_change:{next_view:1} from 2 with next view 1
node3-1  | 2025-05-09T12:32:10.779Z	DEBUG	bft/viewchanger.go:397	view change voted 1 false
node3-1  | 
node3-1  | 2025-05-09T12:32:10.779Z	DEBUG	bft/viewchanger.go:403	case 2
node3-1  | Node 3: ошибка отправки сообщения узлу 1: rpc error: code = Unavailable desc = connection error: desc = "transport: Error while dialing: dial tcp 172.20.0.2:7050: connect: no route to host"
node3-1  | 2025-05-09T12:32:11.770Z	DEBUG	bft/viewchanger.go:251	Node 3 resent a view change message with next view 1
node2-1  | 2025-05-09T12:32:11.815Z	DEBUG	bft/viewchanger.go:277	Node 2 is processing a view change message view_change:{next_view:1} from 3 with next view 1
node2-1  | 2025-05-09T12:32:11.815Z	DEBUG	bft/viewchanger.go:397	view change voted 1 false
node2-1  | 
node2-1  | 2025-05-09T12:32:11.815Z	DEBUG	bft/viewchanger.go:403	case 2
node2-1  | 2025-05-09T12:32:16.730Z	DEBUG	bft/viewchanger.go:251	Node 2 resent a view change message with next view 1
node2-1  | Node 2: ошибка отправки сообщения узлу 1: rpc error: code = Unavailable desc = connection error: desc = "transport: Error while dialing: dial tcp 172.20.0.2:7050: connect: no route to host"
node3-1  | 2025-05-09T12:32:16.785Z	DEBUG	bft/viewchanger.go:277	Node 3 is processing a view change message view_change:{next_view:1} from 2 with next view 1
node3-1  | 2025-05-09T12:32:16.785Z	DEBUG	bft/viewchanger.go:397	view change voted 1 false
node3-1  | 
node3-1  | 2025-05-09T12:32:16.785Z	DEBUG	bft/viewchanger.go:403	case 2
node3-1  | 2025-05-09T12:32:17.770Z	DEBUG	bft/viewchanger.go:251	Node 3 resent a view change message with next view 1
node3-1  | Node 3: ошибка отправки сообщения узлу 1: rpc error: code = Unavailable desc = connection error: desc = "transport: Error while dialing: dial tcp 172.20.0.2:7050: connect: no route to host"
node2-1  | 2025-05-09T12:32:17.835Z	DEBUG	bft/viewchanger.go:277	Node 2 is processing a view change message view_change:{next_view:1} from 3 with next view 1
node2-1  | 2025-05-09T12:32:17.835Z	DEBUG	bft/viewchanger.go:397	view change voted 1 false
node2-1  | 
node2-1  | 2025-05-09T12:32:17.835Z	DEBUG	bft/viewchanger.go:403	case 2
node2-1  | 2025-05-09T12:32:22.731Z	DEBUG	bft/viewchanger.go:251	Node 2 resent a view change message with next view 1
node2-1  | Node 2: ошибка отправки сообщения узлу 1: rpc error: code = Unavailable desc = connection error: desc = "transport: Error while dialing: dial tcp 172.20.0.2:7050: connect: no route to host"
node3-1  | 2025-05-09T12:32:22.792Z	DEBUG	bft/viewchanger.go:277	Node 3 is processing a view change message view_change:{next_view:1} from 2 with next view 1
node3-1  | 2025-05-09T12:32:22.792Z	DEBUG	bft/viewchanger.go:397	view change voted 1 false
node3-1  | 
node3-1  | 2025-05-09T12:32:22.792Z	DEBUG	bft/viewchanger.go:403	case 2
node3-1  | 2025-05-09T12:32:23.771Z	DEBUG	bft/viewchanger.go:251	Node 3 resent a view change message with next view 1
node3-1  | Node 3: ошибка отправки сообщения узлу 1: rpc error: code = Unavailable desc = connection error: desc = "transport: Error while dialing: dial tcp 172.20.0.2:7050: connect: no route to host"
node2-1  | 2025-05-09T12:32:23.816Z	DEBUG	bft/viewchanger.go:277	Node 2 is processing a view change message view_change:{next_view:1} from 3 with next view 1
node2-1  | 2025-05-09T12:32:23.816Z	DEBUG	bft/viewchanger.go:397	view change voted 1 false
node2-1  | 
node2-1  | 2025-05-09T12:32:23.816Z	DEBUG	bft/viewchanger.go:403	case 2
node2-1  | 2025-05-09T12:32:24.730Z	DEBUG	bft/viewchanger.go:264	Node 2 got a view change timeout, the current view is 0
node2-1  | 2025-05-09T12:32:24.730Z	DEBUG	bft/viewchanger.go:268	Node 2 is calling sync because it got a view change timeout
node2-1  | 2025-05-09T12:32:24.730Z	DEBUG	bft/viewchanger.go:373	Node 2 has already started view change with last view 0
node2-1  | 2025-05-09T12:32:24.730Z	DEBUG	bft/controller.go:539	get msg from syncChan
node2-1  | Node 2: Sync called
node2-1  | Trying to get seq 0 in sync
node2-1  | Node 2: ошибка отправки транзакции узлу 1: rpc error: code = Unavailable desc = connection error: desc = "transport: Error while dialing: dial tcp 172.20.0.2:7050: connect: no route to host"
node3-1  | Node 2 called sync
node2-1  | Got sync proposal for seq 0, has_proposal false from node 3
node4-1  | Node 2 called sync
node2-1  | Got sync proposal for seq 0, has_proposal false from node 4
node2-1  | 2025-05-09T12:32:24.744Z	INFO	bft/controller.go:637	Synchronizer returned with an empty proposal metadata
node2-1  | Returning from sync seq 0
node2-1  | 2025-05-09T12:32:24.744Z	DEBUG	bft/statecollector.go:83	Node 2 started collecting state responses
node2-1  | Node 2: ошибка отправки сообщения узлу 1: rpc error: code = Unavailable desc = connection error: desc = "transport: Error while dialing: dial tcp 172.20.0.2:7050: connect: no route to host"
node2-1  | 2025-05-09T12:32:24.844Z	DEBUG	bft/statecollector.go:58	Node 2 handling state response: state_transfer_response:{sequence:1}
node2-1  | 2025-05-09T12:32:24.844Z	DEBUG	bft/statecollector.go:93	Node 2 collected a response: state_transfer_response:{sequence:1}
node2-1  | 2025-05-09T12:32:25.745Z	INFO	bft/statecollector.go:90	Node 2 reached the state collector timeout
node2-1  | 2025-05-09T12:32:25.745Z	INFO	bft/controller.go:672	Fetching state failed
node2-1  | 2025-05-09T12:32:25.745Z	DEBUG	bft/controller.go:545	view and seq is zero
node2-1  | 2025-05-09T12:32:25.745Z	DEBUG	bft/controller.go:456	view for abort 0, current view 0
node2-1  | 2025-05-09T12:32:25.745Z	DEBUG	bft/controller.go:468	Aborting current view with number 0
node2-1  | 2025-05-09T12:32:25.745Z	DEBUG	bft/controller.go:446	Starting view after setting decisions in view to 0
node2-1  | 2025-05-09T12:32:25.745Z	INFO	bft/heartbeatmonitor.go:185	Changing to follower role, current view: 0, current leader: 1
node2-1  | 2025-05-09T12:32:25.745Z	INFO	bft/controller.go:421	Starting view with number 0, sequence 1, and decisions 0
node2-1  | Файл открыт <nil>
node3-1  | 2025-05-09T12:32:25.771Z	DEBUG	bft/viewchanger.go:264	Node 3 got a view change timeout, the current view is 0
node3-1  | Node 3: Sync called
node3-1  | Trying to get seq 0 in sync
node3-1  | 2025-05-09T12:32:25.771Z	DEBUG	bft/viewchanger.go:268	Node 3 is calling sync because it got a view change timeout
node3-1  | 2025-05-09T12:32:25.771Z	DEBUG	bft/viewchanger.go:373	Node 3 has already started view change with last view 0
node3-1  | 2025-05-09T12:32:25.771Z	DEBUG	bft/controller.go:539	get msg from syncChan
node3-1  | Node 3: ошибка отправки транзакции узлу 1: rpc error: code = Unavailable desc = connection error: desc = "transport: Error while dialing: dial tcp 172.20.0.2:7050: connect: no route to host"
node4-1  | Node 3 called sync
node3-1  | Got sync proposal for seq 0, has_proposal false from node 4
node2-1  | Node 3 called sync
node3-1  | 2025-05-09T12:32:25.780Z	INFO	bft/controller.go:637	Synchronizer returned with an empty proposal metadata
node3-1  | 2025-05-09T12:32:25.780Z	DEBUG	bft/statecollector.go:83	Node 3 started collecting state responses
node3-1  | Got sync proposal for seq 0, has_proposal false from node 2
node3-1  | Returning from sync seq 0
node3-1  | Node 3: ошибка отправки сообщения узлу 1: rpc error: code = Unavailable desc = connection error: desc = "transport: Error while dialing: dial tcp 172.20.0.2:7050: connect: no route to host"
node3-1  | 2025-05-09T12:32:25.888Z	DEBUG	bft/statecollector.go:58	Node 3 handling state response: state_transfer_response:{sequence:1}
node3-1  | 2025-05-09T12:32:25.888Z	DEBUG	bft/statecollector.go:93	Node 3 collected a response: state_transfer_response:{sequence:1}
node3-1  | 2025-05-09T12:32:26.780Z	INFO	bft/statecollector.go:90	Node 3 reached the state collector timeout
node3-1  | 2025-05-09T12:32:26.780Z	INFO	bft/controller.go:672	Fetching state failed
node3-1  | 2025-05-09T12:32:26.780Z	DEBUG	bft/controller.go:545	view and seq is zero
node3-1  | 2025-05-09T12:32:26.780Z	DEBUG	bft/controller.go:456	view for abort 0, current view 0
node3-1  | 2025-05-09T12:32:26.781Z	DEBUG	bft/controller.go:468	Aborting current view with number 0
node3-1  | 2025-05-09T12:32:26.781Z	DEBUG	bft/controller.go:446	Starting view after setting decisions in view to 0
node3-1  | 2025-05-09T12:32:26.781Z	INFO	bft/heartbeatmonitor.go:185	Changing to follower role, current view: 0, current leader: 1
node3-1  | 2025-05-09T12:32:26.781Z	INFO	bft/controller.go:421	Starting view with number 0, sequence 1, and decisions 0
node3-1  | Файл открыт <nil>
node2-1  | 2025-05-09T12:32:27.731Z	DEBUG	bft/viewchanger.go:251	Node 2 resent a view change message with next view 1
node2-1  | Node 2: ошибка отправки сообщения узлу 1: rpc error: code = Unavailable desc = connection error: desc = "transport: Error while dialing: dial tcp 172.20.0.2:7050: connect: no route to host"
node3-1  | 2025-05-09T12:32:27.785Z	DEBUG	bft/viewchanger.go:277	Node 3 is processing a view change message view_change:{next_view:1} from 2 with next view 1
node3-1  | 2025-05-09T12:32:27.785Z	DEBUG	bft/viewchanger.go:397	view change voted 1 false
node3-1  | 
node3-1  | 2025-05-09T12:32:27.785Z	DEBUG	bft/viewchanger.go:403	case 2
node3-1  | Node 3: ошибка отправки сообщения узлу 1: rpc error: code = Unavailable desc = connection error: desc = "transport: Error while dialing: dial tcp 172.20.0.2:7050: connect: no route to host"
node3-1  | 2025-05-09T12:32:29.770Z	DEBUG	bft/viewchanger.go:251	Node 3 resent a view change message with next view 1
node2-1  | 2025-05-09T12:32:29.828Z	DEBUG	bft/viewchanger.go:277	Node 2 is processing a view change message view_change:{next_view:1} from 3 with next view 1
node2-1  | 2025-05-09T12:32:29.828Z	DEBUG	bft/viewchanger.go:397	view change voted 1 false
node2-1  | 
node2-1  | 2025-05-09T12:32:29.828Z	DEBUG	bft/viewchanger.go:403	case 2
node2-1  | 2025-05-09T12:32:33.730Z	DEBUG	bft/viewchanger.go:251	Node 2 resent a view change message with next view 1
node2-1  | Node 2: ошибка отправки сообщения узлу 1: rpc error: code = Unavailable desc = connection error: desc = "transport: Error while dialing: dial tcp 172.20.0.2:7050: connect: no route to host"
node3-1  | 2025-05-09T12:32:33.784Z	DEBUG	bft/viewchanger.go:277	Node 3 is processing a view change message view_change:{next_view:1} from 2 with next view 1
node3-1  | 2025-05-09T12:32:33.784Z	DEBUG	bft/viewchanger.go:397	view change voted 1 false
node3-1  | 
node3-1  | 2025-05-09T12:32:33.784Z	DEBUG	bft/viewchanger.go:403	case 2
node3-1  | Node 3: ошибка отправки сообщения узлу 1: rpc error: code = Unavailable desc = connection error: desc = "transport: Error while dialing: dial tcp 172.20.0.2:7050: connect: no route to host"
node3-1  | 2025-05-09T12:32:34.770Z	DEBUG	bft/viewchanger.go:251	Node 3 resent a view change message with next view 1
node2-1  | 2025-05-09T12:32:34.832Z	DEBUG	bft/viewchanger.go:277	Node 2 is processing a view change message view_change:{next_view:1} from 3 with next view 1
node2-1  | 2025-05-09T12:32:34.832Z	DEBUG	bft/viewchanger.go:397	view change voted 1 false
node2-1  | 
node2-1  | 2025-05-09T12:32:34.832Z	DEBUG	bft/viewchanger.go:403	case 2
node2-1  | 2025-05-09T12:32:38.731Z	DEBUG	bft/viewchanger.go:251	Node 2 resent a view change message with next view 1
node2-1  | Node 2: ошибка отправки сообщения узлу 1: rpc error: code = Unavailable desc = connection error: desc = "transport: Error while dialing: dial tcp 172.20.0.2:7050: connect: no route to host"
node3-1  | 2025-05-09T12:32:38.780Z	DEBUG	bft/viewchanger.go:277	Node 3 is processing a view change message view_change:{next_view:1} from 2 with next view 1
node3-1  | 2025-05-09T12:32:38.780Z	DEBUG	bft/viewchanger.go:397	view change voted 1 false
node3-1  | 
node3-1  | 2025-05-09T12:32:38.780Z	DEBUG	bft/viewchanger.go:403	case 2
node3-1  | Node 3: ошибка отправки сообщения узлу 1: rpc error: code = Unavailable desc = connection error: desc = "transport: Error while dialing: dial tcp 172.20.0.2:7050: connect: no route to host"
node3-1  | 2025-05-09T12:32:39.770Z	DEBUG	bft/viewchanger.go:251	Node 3 resent a view change message with next view 1
node2-1  | 2025-05-09T12:32:39.816Z	DEBUG	bft/viewchanger.go:277	Node 2 is processing a view change message view_change:{next_view:1} from 3 with next view 1
node2-1  | 2025-05-09T12:32:39.816Z	DEBUG	bft/viewchanger.go:397	view change voted 1 false
node2-1  | 
node2-1  | 2025-05-09T12:32:39.816Z	DEBUG	bft/viewchanger.go:403	case 2
node2-1  | 2025-05-09T12:32:44.731Z	DEBUG	bft/viewchanger.go:251	Node 2 resent a view change message with next view 1
node2-1  | 2025-05-09T12:32:44.731Z	DEBUG	bft/viewchanger.go:264	Node 2 got a view change timeout, the current view is 0
node2-1  | 2025-05-09T12:32:44.731Z	DEBUG	bft/viewchanger.go:268	Node 2 is calling sync because it got a view change timeout
node2-1  | 2025-05-09T12:32:44.731Z	DEBUG	bft/viewchanger.go:373	Node 2 has already started view change with last view 0
node2-1  | 2025-05-09T12:32:44.731Z	DEBUG	bft/controller.go:539	get msg from syncChan
node2-1  | Node 2: ошибка отправки сообщения узлу 1: rpc error: code = Unavailable desc = connection error: desc = "transport: Error while dialing: dial tcp 172.20.0.2:7050: connect: no route to host"
node2-1  | Node 2: Sync called
node2-1  | Trying to get seq 0 in sync
node2-1  | Node 2: ошибка отправки транзакции узлу 1: rpc error: code = Unavailable desc = connection error: desc = "transport: Error while dialing: dial tcp 172.20.0.2:7050: connect: no route to host"
node3-1  | Node 2 called sync
node2-1  | Got sync proposal for seq 0, has_proposal false from node 3
node4-1  | Node 2 called sync
node2-1  | Got sync proposal for seq 0, has_proposal false from node 4
node2-1  | Returning from sync seq 0
node2-1  | 2025-05-09T12:32:44.739Z	INFO	bft/controller.go:637	Synchronizer returned with an empty proposal metadata
node2-1  | 2025-05-09T12:32:44.739Z	DEBUG	bft/statecollector.go:83	Node 2 started collecting state responses
node2-1  | Node 2: ошибка отправки сообщения узлу 1: rpc error: code = Unavailable desc = connection error: desc = "transport: Error while dialing: dial tcp 172.20.0.2:7050: connect: no route to host"
node3-1  | 2025-05-09T12:32:44.778Z	DEBUG	bft/viewchanger.go:277	Node 3 is processing a view change message view_change:{next_view:1} from 2 with next view 1
node3-1  | 2025-05-09T12:32:44.778Z	DEBUG	bft/viewchanger.go:397	view change voted 1 false
node3-1  | 
node3-1  | 2025-05-09T12:32:44.778Z	DEBUG	bft/viewchanger.go:403	case 2
node2-1  | 2025-05-09T12:32:44.848Z	DEBUG	bft/statecollector.go:58	Node 2 handling state response: state_transfer_response:{sequence:1}
node2-1  | 2025-05-09T12:32:44.848Z	DEBUG	bft/statecollector.go:93	Node 2 collected a response: state_transfer_response:{sequence:1}
node2-1  | 2025-05-09T12:32:45.739Z	INFO	bft/statecollector.go:90	Node 2 reached the state collector timeout
node2-1  | 2025-05-09T12:32:45.739Z	INFO	bft/controller.go:672	Fetching state failed
node2-1  | 2025-05-09T12:32:45.739Z	DEBUG	bft/controller.go:545	view and seq is zero
node2-1  | 2025-05-09T12:32:45.739Z	DEBUG	bft/controller.go:436	Got view change to 0 but view is already running
node3-1  | 2025-05-09T12:32:45.770Z	DEBUG	bft/viewchanger.go:251	Node 3 resent a view change message with next view 1
node3-1  | 2025-05-09T12:32:45.771Z	DEBUG	bft/viewchanger.go:264	Node 3 got a view change timeout, the current view is 0
node3-1  | 2025-05-09T12:32:45.771Z	DEBUG	bft/viewchanger.go:268	Node 3 is calling sync because it got a view change timeout
node3-1  | 2025-05-09T12:32:45.771Z	DEBUG	bft/viewchanger.go:373	Node 3 has already started view change with last view 0
node3-1  | 2025-05-09T12:32:45.771Z	DEBUG	bft/controller.go:539	get msg from syncChan
node3-1  | Node 3: Sync called
node3-1  | Trying to get seq 0 in sync
node3-1  | Node 3: ошибка отправки сообщения узлу 1: rpc error: code = Unavailable desc = connection error: desc = "transport: Error while dialing: dial tcp 172.20.0.2:7050: connect: no route to host"
node3-1  | Node 3: ошибка отправки транзакции узлу 1: rpc error: code = Unavailable desc = connection error: desc = "transport: Error while dialing: dial tcp 172.20.0.2:7050: connect: no route to host"
node2-1  | Node 3 called sync
node3-1  | Got sync proposal for seq 0, has_proposal false from node 2
node4-1  | Node 3 called sync
node3-1  | Got sync proposal for seq 0, has_proposal false from node 4
node3-1  | Returning from sync seq 0
node3-1  | 2025-05-09T12:32:45.779Z	INFO	bft/controller.go:637	Synchronizer returned with an empty proposal metadata
node3-1  | 2025-05-09T12:32:45.779Z	DEBUG	bft/statecollector.go:83	Node 3 started collecting state responses
node3-1  | Node 3: ошибка отправки сообщения узлу 1: rpc error: code = Unavailable desc = connection error: desc = "transport: Error while dialing: dial tcp 172.20.0.2:7050: connect: no route to host"
node2-1  | 2025-05-09T12:32:45.823Z	DEBUG	bft/viewchanger.go:277	Node 2 is processing a view change message view_change:{next_view:1} from 3 with next view 1
node2-1  | 2025-05-09T12:32:45.823Z	DEBUG	bft/viewchanger.go:397	view change voted 1 false
node2-1  | 
node2-1  | 2025-05-09T12:32:45.823Z	DEBUG	bft/viewchanger.go:403	case 2
node3-1  | 2025-05-09T12:32:45.880Z	DEBUG	bft/statecollector.go:58	Node 3 handling state response: state_transfer_response:{sequence:1}
node3-1  | 2025-05-09T12:32:45.880Z	DEBUG	bft/statecollector.go:93	Node 3 collected a response: state_transfer_response:{sequence:1}
node3-1  | 2025-05-09T12:32:46.780Z	INFO	bft/statecollector.go:90	Node 3 reached the state collector timeout
node3-1  | 2025-05-09T12:32:46.780Z	INFO	bft/controller.go:672	Fetching state failed
node3-1  | 2025-05-09T12:32:46.780Z	DEBUG	bft/controller.go:545	view and seq is zero
node3-1  | 2025-05-09T12:32:46.780Z	DEBUG	bft/controller.go:436	Got view change to 0 but view is already running
node2-1  | Node 2: ошибка отправки сообщения узлу 1: rpc error: code = Unavailable desc = connection error: desc = "transport: Error while dialing: dial tcp 172.20.0.2:7050: connect: no route to host"
node2-1  | 2025-05-09T12:32:50.730Z	DEBUG	bft/viewchanger.go:251	Node 2 resent a view change message with next view 1
node3-1  | 2025-05-09T12:32:50.771Z	DEBUG	bft/viewchanger.go:251	Node 3 resent a view change message with next view 1
node3-1  | Node 3: ошибка отправки сообщения узлу 1: rpc error: code = Unavailable desc = connection error: desc = "transport: Error while dialing: dial tcp 172.20.0.2:7050: connect: no route to host"
node3-1  | 2025-05-09T12:32:50.791Z	DEBUG	bft/viewchanger.go:277	Node 3 is processing a view change message view_change:{next_view:1} from 2 with next view 1
node3-1  | 2025-05-09T12:32:50.791Z	DEBUG	bft/viewchanger.go:397	view change voted 1 false
node3-1  | 
node3-1  | 2025-05-09T12:32:50.791Z	DEBUG	bft/viewchanger.go:403	case 2
node2-1  | 2025-05-09T12:32:50.834Z	DEBUG	bft/viewchanger.go:277	Node 2 is processing a view change message view_change:{next_view:1} from 3 with next view 1
node2-1  | 2025-05-09T12:32:50.834Z	DEBUG	bft/viewchanger.go:397	view change voted 1 false
node2-1  | 
node2-1  | 2025-05-09T12:32:50.834Z	DEBUG	bft/viewchanger.go:403	case 2
node2-1  | 2025-05-09T12:32:56.731Z	DEBUG	bft/viewchanger.go:251	Node 2 resent a view change message with next view 1
node2-1  | Node 2: ошибка отправки сообщения узлу 1: rpc error: code = Unavailable desc = connection error: desc = "transport: Error while dialing: dial tcp 172.20.0.2:7050: connect: no route to host"
node3-1  | Node 3: ошибка отправки сообщения узлу 1: rpc error: code = Unavailable desc = connection error: desc = "transport: Error while dialing: dial tcp 172.20.0.2:7050: connect: no route to host"
node3-1  | 2025-05-09T12:32:56.771Z	DEBUG	bft/viewchanger.go:251	Node 3 resent a view change message with next view 1
node3-1  | 2025-05-09T12:32:56.794Z	DEBUG	bft/viewchanger.go:277	Node 3 is processing a view change message view_change:{next_view:1} from 2 with next view 1
node3-1  | 2025-05-09T12:32:56.794Z	DEBUG	bft/viewchanger.go:397	view change voted 1 false
node3-1  | 
node3-1  | 2025-05-09T12:32:56.794Z	DEBUG	bft/viewchanger.go:403	case 2
node2-1  | 2025-05-09T12:32:56.831Z	DEBUG	bft/viewchanger.go:277	Node 2 is processing a view change message view_change:{next_view:1} from 3 with next view 1
node2-1  | 2025-05-09T12:32:56.831Z	DEBUG	bft/viewchanger.go:397	view change voted 1 false
node2-1  | 
node2-1  | 2025-05-09T12:32:56.831Z	DEBUG	bft/viewchanger.go:403	case 2
node3-1  | 2025-05-09T12:33:01.770Z	DEBUG	bft/viewchanger.go:251	Node 3 resent a view change message with next view 1
node3-1  | Node 3: ошибка отправки сообщения узлу 1: rpc error: code = Unavailable desc = connection error: desc = "transport: Error while dialing: dial tcp 172.20.0.2:7050: connect: no route to host"
node2-1  | 2025-05-09T12:33:01.826Z	DEBUG	bft/viewchanger.go:277	Node 2 is processing a view change message view_change:{next_view:1} from 3 with next view 1
node2-1  | 2025-05-09T12:33:01.827Z	DEBUG	bft/viewchanger.go:397	view change voted 1 false
node2-1  | 
node2-1  | 2025-05-09T12:33:01.827Z	DEBUG	bft/viewchanger.go:403	case 2
node2-1  | 2025-05-09T12:33:02.731Z	DEBUG	bft/viewchanger.go:251	Node 2 resent a view change message with next view 1
node2-1  | Node 2: ошибка отправки сообщения узлу 1: rpc error: code = Unavailable desc = connection error: desc = "transport: Error while dialing: dial tcp 172.20.0.2:7050: connect: no route to host"
node3-1  | 2025-05-09T12:33:02.774Z	DEBUG	bft/viewchanger.go:277	Node 3 is processing a view change message view_change:{next_view:1} from 2 with next view 1
node3-1  | 2025-05-09T12:33:02.775Z	DEBUG	bft/viewchanger.go:397	view change voted 1 false
node3-1  | 
node3-1  | 2025-05-09T12:33:02.775Z	DEBUG	bft/viewchanger.go:403	case 2
node2-1  | Node 2: Sync called
node2-1  | Trying to get seq 0 in sync
node2-1  | Node 2: ошибка отправки транзакции узлу 1: rpc error: code = Unavailable desc = connection error: desc = "transport: Error while dialing: dial tcp 172.20.0.2:7050: connect: no route to host"
node2-1  | 2025-05-09T12:33:05.730Z	DEBUG	bft/viewchanger.go:264	Node 2 got a view change timeout, the current view is 0
node2-1  | 2025-05-09T12:33:05.730Z	DEBUG	bft/viewchanger.go:268	Node 2 is calling sync because it got a view change timeout
node2-1  | 2025-05-09T12:33:05.731Z	DEBUG	bft/viewchanger.go:373	Node 2 has already started view change with last view 0
node2-1  | 2025-05-09T12:33:05.731Z	DEBUG	bft/controller.go:539	get msg from syncChan
node4-1  | Node 2 called sync
node2-1  | Got sync proposal for seq 0, has_proposal false from node 4
node3-1  | Node 2 called sync
node2-1  | Got sync proposal for seq 0, has_proposal false from node 3
node2-1  | Returning from sync seq 0
node2-1  | 2025-05-09T12:33:05.740Z	INFO	bft/controller.go:637	Synchronizer returned with an empty proposal metadata
node2-1  | 2025-05-09T12:33:05.740Z	DEBUG	bft/statecollector.go:83	Node 2 started collecting state responses
node2-1  | Node 2: ошибка отправки сообщения узлу 1: rpc error: code = Unavailable desc = connection error: desc = "transport: Error while dialing: dial tcp 172.20.0.2:7050: connect: no route to host"
node3-1  | 2025-05-09T12:33:05.771Z	DEBUG	bft/viewchanger.go:264	Node 3 got a view change timeout, the current view is 0
node3-1  | 2025-05-09T12:33:05.771Z	DEBUG	bft/viewchanger.go:268	Node 3 is calling sync because it got a view change timeout
node3-1  | 2025-05-09T12:33:05.771Z	DEBUG	bft/viewchanger.go:373	Node 3 has already started view change with last view 0
node3-1  | 2025-05-09T12:33:05.771Z	DEBUG	bft/controller.go:539	get msg from syncChan
node3-1  | Node 3: Sync called
node3-1  | Trying to get seq 0 in sync
node3-1  | Node 3: ошибка отправки транзакции узлу 1: rpc error: code = Unavailable desc = connection error: desc = "transport: Error while dialing: dial tcp 172.20.0.2:7050: connect: no route to host"
node2-1  | Node 3 called sync
node4-1  | Node 3 called sync
node3-1  | Got sync proposal for seq 0, has_proposal false from node 2
node3-1  | Got sync proposal for seq 0, has_proposal false from node 4
node3-1  | Returning from sync seq 0
node3-1  | 2025-05-09T12:33:05.779Z	INFO	bft/controller.go:637	Synchronizer returned with an empty proposal metadata
node3-1  | 2025-05-09T12:33:05.779Z	DEBUG	bft/statecollector.go:83	Node 3 started collecting state responses
node3-1  | Node 3: ошибка отправки сообщения узлу 1: rpc error: code = Unavailable desc = connection error: desc = "transport: Error while dialing: dial tcp 172.20.0.2:7050: connect: no route to host"
node2-1  | 2025-05-09T12:33:05.844Z	DEBUG	bft/statecollector.go:58	Node 2 handling state response: state_transfer_response:{sequence:1}
node2-1  | 2025-05-09T12:33:05.845Z	DEBUG	bft/statecollector.go:93	Node 2 collected a response: state_transfer_response:{sequence:1}
node3-1  | 2025-05-09T12:33:05.889Z	DEBUG	bft/statecollector.go:58	Node 3 handling state response: state_transfer_response:{sequence:1}
node3-1  | 2025-05-09T12:33:05.889Z	DEBUG	bft/statecollector.go:93	Node 3 collected a response: state_transfer_response:{sequence:1}
node2-1  | 2025-05-09T12:33:06.741Z	INFO	bft/statecollector.go:90	Node 2 reached the state collector timeout
node2-1  | 2025-05-09T12:33:06.741Z	INFO	bft/controller.go:672	Fetching state failed
node2-1  | 2025-05-09T12:33:06.741Z	DEBUG	bft/controller.go:545	view and seq is zero
node2-1  | 2025-05-09T12:33:06.741Z	DEBUG	bft/controller.go:436	Got view change to 0 but view is already running
node3-1  | 2025-05-09T12:33:06.779Z	INFO	bft/statecollector.go:90	Node 3 reached the state collector timeout
node3-1  | 2025-05-09T12:33:06.779Z	INFO	bft/controller.go:672	Fetching state failed
node3-1  | 2025-05-09T12:33:06.779Z	DEBUG	bft/controller.go:545	view and seq is zero
node3-1  | 2025-05-09T12:33:06.779Z	DEBUG	bft/controller.go:436	Got view change to 0 but view is already running
node3-1  | 2025-05-09T12:33:07.770Z	DEBUG	bft/viewchanger.go:251	Node 3 resent a view change message with next view 1
node3-1  | Node 3: ошибка отправки сообщения узлу 1: rpc error: code = Unavailable desc = connection error: desc = "transport: Error while dialing: dial tcp 172.20.0.2:7050: connect: no route to host"
node2-1  | 2025-05-09T12:33:07.825Z	DEBUG	bft/viewchanger.go:277	Node 2 is processing a view change message view_change:{next_view:1} from 3 with next view 1
node2-1  | 2025-05-09T12:33:07.825Z	DEBUG	bft/viewchanger.go:397	view change voted 1 false
node2-1  | 
node2-1  | 2025-05-09T12:33:07.825Z	DEBUG	bft/viewchanger.go:403	case 2
node2-1  | 2025-05-09T12:33:08.730Z	DEBUG	bft/viewchanger.go:251	Node 2 resent a view change message with next view 1
node2-1  | Node 2: ошибка отправки сообщения узлу 1: rpc error: code = Unavailable desc = connection error: desc = "transport: Error while dialing: dial tcp 172.20.0.2:7050: connect: no route to host"
node3-1  | 2025-05-09T12:33:08.789Z	DEBUG	bft/viewchanger.go:277	Node 3 is processing a view change message view_change:{next_view:1} from 2 with next view 1
node3-1  | 2025-05-09T12:33:08.789Z	DEBUG	bft/viewchanger.go:397	view change voted 1 false
node3-1  | 
node3-1  | 2025-05-09T12:33:08.789Z	DEBUG	bft/viewchanger.go:403	case 2
node3-1  | 2025-05-09T12:33:13.771Z	DEBUG	bft/viewchanger.go:251	Node 3 resent a view change message with next view 1
node3-1  | Node 3: ошибка отправки сообщения узлу 1: rpc error: code = Unavailable desc = connection error: desc = "transport: Error while dialing: dial tcp 172.20.0.2:7050: connect: no route to host"
node2-1  | 2025-05-09T12:33:13.826Z	DEBUG	bft/viewchanger.go:277	Node 2 is processing a view change message view_change:{next_view:1} from 3 with next view 1
node2-1  | 2025-05-09T12:33:13.826Z	DEBUG	bft/viewchanger.go:397	view change voted 1 false
node2-1  | 
node2-1  | 2025-05-09T12:33:13.826Z	DEBUG	bft/viewchanger.go:403	case 2
node2-1  | 2025-05-09T12:33:14.730Z	DEBUG	bft/viewchanger.go:251	Node 2 resent a view change message with next view 1
node2-1  | Node 2: ошибка отправки сообщения узлу 1: rpc error: code = Unavailable desc = connection error: desc = "transport: Error while dialing: dial tcp 172.20.0.2:7050: connect: no route to host"
node3-1  | 2025-05-09T12:33:14.776Z	DEBUG	bft/viewchanger.go:277	Node 3 is processing a view change message view_change:{next_view:1} from 2 with next view 1
node3-1  | 2025-05-09T12:33:14.776Z	DEBUG	bft/viewchanger.go:397	view change voted 1 false
node3-1  | 
node3-1  | 2025-05-09T12:33:14.776Z	DEBUG	bft/viewchanger.go:403	case 2
node3-1  | 2025-05-09T12:33:18.771Z	DEBUG	bft/viewchanger.go:251	Node 3 resent a view change message with next view 1
node3-1  | Node 3: ошибка отправки сообщения узлу 1: rpc error: code = Unavailable desc = connection error: desc = "transport: Error while dialing: dial tcp 172.20.0.2:7050: connect: no route to host"
node2-1  | 2025-05-09T12:33:18.818Z	DEBUG	bft/viewchanger.go:277	Node 2 is processing a view change message view_change:{next_view:1} from 3 with next view 1
node2-1  | 2025-05-09T12:33:18.818Z	DEBUG	bft/viewchanger.go:397	view change voted 1 false
node2-1  | 
node2-1  | 2025-05-09T12:33:18.818Z	DEBUG	bft/viewchanger.go:403	case 2
node2-1  | Node 2: ошибка отправки сообщения узлу 1: rpc error: code = Unavailable desc = connection error: desc = "transport: Error while dialing: dial tcp 172.20.0.2:7050: connect: no route to host"
node2-1  | 2025-05-09T12:33:19.730Z	DEBUG	bft/viewchanger.go:251	Node 2 resent a view change message with next view 1
node3-1  | 2025-05-09T12:33:19.774Z	DEBUG	bft/viewchanger.go:277	Node 3 is processing a view change message view_change:{next_view:1} from 2 with next view 1
node3-1  | 2025-05-09T12:33:19.774Z	DEBUG	bft/viewchanger.go:397	view change voted 1 false
node3-1  | 
node3-1  | 2025-05-09T12:33:19.774Z	DEBUG	bft/viewchanger.go:403	case 2
node2-1  | Node 2: ошибка отправки сообщения узлу 1: rpc error: code = Unavailable desc = connection error: desc = "transport: Error while dialing: dial tcp 172.20.0.2:7050: connect: no route to host"
node2-1  | Node 2: Sync called
node2-1  | Trying to get seq 0 in sync
node2-1  | Node 2: ошибка отправки транзакции узлу 1: rpc error: code = Unavailable desc = connection error: desc = "transport: Error while dialing: dial tcp 172.20.0.2:7050: connect: no route to host"
node2-1  | 2025-05-09T12:33:24.731Z	DEBUG	bft/viewchanger.go:251	Node 2 resent a view change message with next view 1
node2-1  | 2025-05-09T12:33:24.731Z	DEBUG	bft/viewchanger.go:264	Node 2 got a view change timeout, the current view is 0
node2-1  | 2025-05-09T12:33:24.731Z	DEBUG	bft/viewchanger.go:268	Node 2 is calling sync because it got a view change timeout
node2-1  | 2025-05-09T12:33:24.731Z	DEBUG	bft/viewchanger.go:373	Node 2 has already started view change with last view 0
node2-1  | 2025-05-09T12:33:24.731Z	DEBUG	bft/controller.go:539	get msg from syncChan
node4-1  | Node 2 called sync
node2-1  | Got sync proposal for seq 0, has_proposal false from node 4
node3-1  | Node 2 called sync
node2-1  | Got sync proposal for seq 0, has_proposal false from node 3
node2-1  | Returning from sync seq 0
node2-1  | 2025-05-09T12:33:24.738Z	INFO	bft/controller.go:637	Synchronizer returned with an empty proposal metadata
node2-1  | 2025-05-09T12:33:24.738Z	DEBUG	bft/statecollector.go:83	Node 2 started collecting state responses
node2-1  | Node 2: ошибка отправки сообщения узлу 1: rpc error: code = Unavailable desc = connection error: desc = "transport: Error while dialing: dial tcp 172.20.0.2:7050: connect: no route to host"
node3-1  | 2025-05-09T12:33:24.770Z	DEBUG	bft/viewchanger.go:251	Node 3 resent a view change message with next view 1
node3-1  | 2025-05-09T12:33:24.770Z	DEBUG	bft/viewchanger.go:264	Node 3 got a view change timeout, the current view is 0
node3-1  | 2025-05-09T12:33:24.770Z	DEBUG	bft/viewchanger.go:268	Node 3 is calling sync because it got a view change timeout
node3-1  | 2025-05-09T12:33:24.770Z	DEBUG	bft/viewchanger.go:373	Node 3 has already started view change with last view 0
node3-1  | 2025-05-09T12:33:24.770Z	DEBUG	bft/controller.go:539	get msg from syncChan
node3-1  | Node 3: Sync called
node3-1  | Trying to get seq 0 in sync
node3-1  | Node 3: ошибка отправки транзакции узлу 1: rpc error: code = Unavailable desc = connection error: desc = "transport: Error while dialing: dial tcp 172.20.0.2:7050: connect: no route to host"
node3-1  | Node 3: ошибка отправки сообщения узлу 1: rpc error: code = Unavailable desc = connection error: desc = "transport: Error while dialing: dial tcp 172.20.0.2:7050: connect: no route to host"
node4-1  | Node 3 called sync
node3-1  | Got sync proposal for seq 0, has_proposal false from node 4
node3-1  | Got sync proposal for seq 0, has_proposal false from node 2
node2-1  | Node 3 called sync
node3-1  | Returning from sync seq 0
node3-1  | 2025-05-09T12:33:24.776Z	INFO	bft/controller.go:637	Synchronizer returned with an empty proposal metadata
node3-1  | 2025-05-09T12:33:24.777Z	DEBUG	bft/statecollector.go:83	Node 3 started collecting state responses
node3-1  | Node 3: ошибка отправки сообщения узлу 1: rpc error: code = Unavailable desc = connection error: desc = "transport: Error while dialing: dial tcp 172.20.0.2:7050: connect: no route to host"
node3-1  | 2025-05-09T12:33:24.780Z	DEBUG	bft/viewchanger.go:277	Node 3 is processing a view change message view_change:{next_view:1} from 2 with next view 1
node3-1  | 2025-05-09T12:33:24.780Z	DEBUG	bft/viewchanger.go:397	view change voted 1 false
node3-1  | 
node3-1  | 2025-05-09T12:33:24.780Z	DEBUG	bft/viewchanger.go:403	case 2
node2-1  | 2025-05-09T12:33:24.818Z	DEBUG	bft/viewchanger.go:277	Node 2 is processing a view change message view_change:{next_view:1} from 3 with next view 1
node2-1  | 2025-05-09T12:33:24.818Z	DEBUG	bft/viewchanger.go:397	view change voted 1 false
node2-1  | 
node2-1  | 2025-05-09T12:33:24.818Z	DEBUG	bft/viewchanger.go:403	case 2
node2-1  | 2025-05-09T12:33:24.846Z	DEBUG	bft/statecollector.go:58	Node 2 handling state response: state_transfer_response:{sequence:1}
node2-1  | 2025-05-09T12:33:24.846Z	DEBUG	bft/statecollector.go:93	Node 2 collected a response: state_transfer_response:{sequence:1}
node3-1  | 2025-05-09T12:33:24.882Z	DEBUG	bft/statecollector.go:58	Node 3 handling state response: state_transfer_response:{sequence:1}
node3-1  | 2025-05-09T12:33:24.882Z	DEBUG	bft/statecollector.go:93	Node 3 collected a response: state_transfer_response:{sequence:1}
node2-1  | 2025-05-09T12:33:25.730Z	WARN	bft/heartbeatmonitor.go:386	Heartbeat timeout (1m0s) from 1 expired; last heartbeat was observed 1m0.000005999s ago
node2-1  | github.com/hyperledger-labs/SmartBFT/internal/bft.(*HeartbeatMonitor).followerTick
node2-1  | 	/go/pkg/mod/github.com/nastya-biran/!smart!b!f!t@v0.0.0-20250509122840-19ded464798a/internal/bft/heartbeatmonitor.go:386
node2-1  | github.com/hyperledger-labs/SmartBFT/internal/bft.(*HeartbeatMonitor).tick
