node2-1  | 	/go/pkg/mod/github.com/nastya-biran/!smart!b!f!t@v0.0.0-20250509122840-19ded464798a/internal/bft/heartbeatmonitor.go:321
node2-1  | github.com/hyperledger-labs/SmartBFT/internal/bft.(*HeartbeatMonitor).run
node2-1  | 	/go/pkg/mod/github.com/nastya-biran/!smart!b!f!t@v0.0.0-20250509122840-19ded464798a/internal/bft/heartbeatmonitor.go:126
node2-1  | 2025-05-09T12:33:25.731Z	DEBUG	bft/controller.go:328	Heartbeat timeout expired, reported-view: 0, reported-leader: 1
node2-1  | 2025-05-09T12:33:25.731Z	WARN	bft/controller.go:342	Heartbeat timeout expired, complaining about leader: 1
node2-1  | github.com/hyperledger-labs/SmartBFT/internal/bft.(*Controller).OnHeartbeatTimeout
node2-1  | 	/go/pkg/mod/github.com/nastya-biran/!smart!b!f!t@v0.0.0-20250509122840-19ded464798a/internal/bft/controller.go:342
node2-1  | github.com/hyperledger-labs/SmartBFT/internal/bft.(*HeartbeatMonitor).followerTick
node2-1  | 	/go/pkg/mod/github.com/nastya-biran/!smart!b!f!t@v0.0.0-20250509122840-19ded464798a/internal/bft/heartbeatmonitor.go:388
node2-1  | github.com/hyperledger-labs/SmartBFT/internal/bft.(*HeartbeatMonitor).tick
node2-1  | 	/go/pkg/mod/github.com/nastya-biran/!smart!b!f!t@v0.0.0-20250509122840-19ded464798a/internal/bft/heartbeatmonitor.go:321
node2-1  | github.com/hyperledger-labs/SmartBFT/internal/bft.(*HeartbeatMonitor).run
node2-1  | 	/go/pkg/mod/github.com/nastya-biran/!smart!b!f!t@v0.0.0-20250509122840-19ded464798a/internal/bft/heartbeatmonitor.go:126
node2-1  | 2025-05-09T12:33:25.731Z	DEBUG	bft/viewchanger.go:373	Node 2 has already started view change with last view 0
node2-1  | 2025-05-09T12:33:25.738Z	INFO	bft/statecollector.go:90	Node 2 reached the state collector timeout
node2-1  | 2025-05-09T12:33:25.738Z	INFO	bft/controller.go:672	Fetching state failed
node2-1  | 2025-05-09T12:33:25.738Z	DEBUG	bft/controller.go:545	view and seq is zero
node2-1  | 2025-05-09T12:33:25.738Z	DEBUG	bft/controller.go:436	Got view change to 0 but view is already running
node3-1  | 2025-05-09T12:33:25.777Z	INFO	bft/statecollector.go:90	Node 3 reached the state collector timeout
node3-1  | 2025-05-09T12:33:25.777Z	INFO	bft/controller.go:672	Fetching state failed
node3-1  | 2025-05-09T12:33:25.777Z	DEBUG	bft/controller.go:545	view and seq is zero
node3-1  | 2025-05-09T12:33:25.777Z	DEBUG	bft/controller.go:436	Got view change to 0 but view is already running
node3-1  | 2025-05-09T12:33:26.771Z	WARN	bft/heartbeatmonitor.go:386	Heartbeat timeout (1m0s) from 1 expired; last heartbeat was observed 1m0.000001647s ago
node3-1  | github.com/hyperledger-labs/SmartBFT/internal/bft.(*HeartbeatMonitor).followerTick
node3-1  | 	/go/pkg/mod/github.com/nastya-biran/!smart!b!f!t@v0.0.0-20250509122840-19ded464798a/internal/bft/heartbeatmonitor.go:386
node3-1  | github.com/hyperledger-labs/SmartBFT/internal/bft.(*HeartbeatMonitor).tick
node3-1  | 	/go/pkg/mod/github.com/nastya-biran/!smart!b!f!t@v0.0.0-20250509122840-19ded464798a/internal/bft/heartbeatmonitor.go:321
node3-1  | github.com/hyperledger-labs/SmartBFT/internal/bft.(*HeartbeatMonitor).run
node3-1  | 	/go/pkg/mod/github.com/nastya-biran/!smart!b!f!t@v0.0.0-20250509122840-19ded464798a/internal/bft/heartbeatmonitor.go:126
node3-1  | 2025-05-09T12:33:26.771Z	DEBUG	bft/controller.go:328	Heartbeat timeout expired, reported-view: 0, reported-leader: 1
node3-1  | 2025-05-09T12:33:26.771Z	WARN	bft/controller.go:342	Heartbeat timeout expired, complaining about leader: 1
node3-1  | github.com/hyperledger-labs/SmartBFT/internal/bft.(*Controller).OnHeartbeatTimeout
node3-1  | 	/go/pkg/mod/github.com/nastya-biran/!smart!b!f!t@v0.0.0-20250509122840-19ded464798a/internal/bft/controller.go:342
node3-1  | github.com/hyperledger-labs/SmartBFT/internal/bft.(*HeartbeatMonitor).followerTick
node3-1  | 	/go/pkg/mod/github.com/nastya-biran/!smart!b!f!t@v0.0.0-20250509122840-19ded464798a/internal/bft/heartbeatmonitor.go:388
node3-1  | github.com/hyperledger-labs/SmartBFT/internal/bft.(*HeartbeatMonitor).tick
node3-1  | 	/go/pkg/mod/github.com/nastya-biran/!smart!b!f!t@v0.0.0-20250509122840-19ded464798a/internal/bft/heartbeatmonitor.go:321
node3-1  | github.com/hyperledger-labs/SmartBFT/internal/bft.(*HeartbeatMonitor).run
node3-1  | 	/go/pkg/mod/github.com/nastya-biran/!smart!b!f!t@v0.0.0-20250509122840-19ded464798a/internal/bft/heartbeatmonitor.go:126
node3-1  | 2025-05-09T12:33:26.771Z	DEBUG	bft/viewchanger.go:373	Node 3 has already started view change with last view 0
node2-1  | Node 2: ошибка отправки сообщения узлу 1: rpc error: code = Unavailable desc = connection error: desc = "transport: Error while dialing: dial tcp 172.20.0.2:7050: connect: no route to host"
node2-1  | 2025-05-09T12:33:29.730Z	DEBUG	bft/viewchanger.go:251	Node 2 resent a view change message with next view 1
node3-1  | 2025-05-09T12:33:29.778Z	DEBUG	bft/viewchanger.go:277	Node 3 is processing a view change message view_change:{next_view:1} from 2 with next view 1
node3-1  | 2025-05-09T12:33:29.778Z	DEBUG	bft/viewchanger.go:397	view change voted 1 false
node3-1  | 
node3-1  | 2025-05-09T12:33:29.778Z	DEBUG	bft/viewchanger.go:403	case 2
node3-1  | 2025-05-09T12:33:30.771Z	DEBUG	bft/viewchanger.go:251	Node 3 resent a view change message with next view 1
node3-1  | Node 3: ошибка отправки сообщения узлу 1: rpc error: code = Unavailable desc = connection error: desc = "transport: Error while dialing: dial tcp 172.20.0.2:7050: connect: no route to host"
node2-1  | 2025-05-09T12:33:30.831Z	DEBUG	bft/viewchanger.go:277	Node 2 is processing a view change message view_change:{next_view:1} from 3 with next view 1
node2-1  | 2025-05-09T12:33:30.831Z	DEBUG	bft/viewchanger.go:397	view change voted 1 false
node2-1  | 
node2-1  | 2025-05-09T12:33:30.831Z	DEBUG	bft/viewchanger.go:403	case 2
node2-1  | 2025-05-09T12:33:34.730Z	DEBUG	bft/viewchanger.go:251	Node 2 resent a view change message with next view 1
node2-1  | Node 2: ошибка отправки сообщения узлу 1: rpc error: code = Unavailable desc = connection error: desc = "transport: Error while dialing: dial tcp 172.20.0.2:7050: connect: no route to host"
node3-1  | 2025-05-09T12:33:34.786Z	DEBUG	bft/viewchanger.go:277	Node 3 is processing a view change message view_change:{next_view:1} from 2 with next view 1
node3-1  | 2025-05-09T12:33:34.786Z	DEBUG	bft/viewchanger.go:397	view change voted 1 false
node3-1  | 
node3-1  | 2025-05-09T12:33:34.786Z	DEBUG	bft/viewchanger.go:403	case 2
node3-1  | Node 3: ошибка отправки сообщения узлу 1: rpc error: code = Unavailable desc = connection error: desc = "transport: Error while dialing: dial tcp 172.20.0.2:7050: connect: no route to host"
node3-1  | 2025-05-09T12:33:35.770Z	DEBUG	bft/viewchanger.go:251	Node 3 resent a view change message with next view 1
node2-1  | 2025-05-09T12:33:35.829Z	DEBUG	bft/viewchanger.go:277	Node 2 is processing a view change message view_change:{next_view:1} from 3 with next view 1
node2-1  | 2025-05-09T12:33:35.829Z	DEBUG	bft/viewchanger.go:397	view change voted 1 false
node2-1  | 
node2-1  | 2025-05-09T12:33:35.829Z	DEBUG	bft/viewchanger.go:403	case 2
node2-1  | Node 2: ошибка отправки сообщения узлу 1: rpc error: code = Unavailable desc = connection error: desc = "transport: Error while dialing: dial tcp 172.20.0.2:7050: connect: no route to host"
node2-1  | 2025-05-09T12:33:40.730Z	DEBUG	bft/viewchanger.go:251	Node 2 resent a view change message with next view 1
node3-1  | 2025-05-09T12:33:40.794Z	DEBUG	bft/viewchanger.go:277	Node 3 is processing a view change message view_change:{next_view:1} from 2 with next view 1
node3-1  | 2025-05-09T12:33:40.794Z	DEBUG	bft/viewchanger.go:397	view change voted 1 false
node3-1  | 
node3-1  | 2025-05-09T12:33:40.794Z	DEBUG	bft/viewchanger.go:403	case 2
node3-1  | 2025-05-09T12:33:41.770Z	DEBUG	bft/viewchanger.go:251	Node 3 resent a view change message with next view 1
node3-1  | Node 3: ошибка отправки сообщения узлу 1: rpc error: code = Unavailable desc = connection error: desc = "transport: Error while dialing: dial tcp 172.20.0.2:7050: connect: no route to host"
node2-1  | 2025-05-09T12:33:41.828Z	DEBUG	bft/viewchanger.go:277	Node 2 is processing a view change message view_change:{next_view:1} from 3 with next view 1
node2-1  | 2025-05-09T12:33:41.828Z	DEBUG	bft/viewchanger.go:397	view change voted 1 false
node2-1  | 
node2-1  | 2025-05-09T12:33:41.828Z	DEBUG	bft/viewchanger.go:403	case 2
node2-1  | 2025-05-09T12:33:44.730Z	DEBUG	bft/viewchanger.go:264	Node 2 got a view change timeout, the current view is 0
node2-1  | 2025-05-09T12:33:44.730Z	DEBUG	bft/viewchanger.go:268	Node 2 is calling sync because it got a view change timeout
node2-1  | 2025-05-09T12:33:44.730Z	DEBUG	bft/viewchanger.go:373	Node 2 has already started view change with last view 0
node2-1  | 2025-05-09T12:33:44.730Z	DEBUG	bft/controller.go:539	get msg from syncChan
node2-1  | Node 2: Sync called
node2-1  | Trying to get seq 0 in sync
node2-1  | Node 2: ошибка отправки транзакции узлу 1: rpc error: code = Unavailable desc = connection error: desc = "transport: Error while dialing: dial tcp 172.20.0.2:7050: connect: no route to host"
node4-1  | Node 2 called sync
node2-1  | Got sync proposal for seq 0, has_proposal false from node 4
node3-1  | Node 2 called sync
node2-1  | Got sync proposal for seq 0, has_proposal false from node 3
node2-1  | Returning from sync seq 0
node2-1  | 2025-05-09T12:33:44.744Z	INFO	bft/controller.go:637	Synchronizer returned with an empty proposal metadata
node2-1  | 2025-05-09T12:33:44.744Z	DEBUG	bft/statecollector.go:83	Node 2 started collecting state responses
node2-1  | Node 2: ошибка отправки сообщения узлу 1: rpc error: code = Unavailable desc = connection error: desc = "transport: Error while dialing: dial tcp 172.20.0.2:7050: connect: no route to host"
node3-1  | Node 3: Sync called
node3-1  | Trying to get seq 0 in sync
node3-1  | Node 3: ошибка отправки транзакции узлу 1: rpc error: code = Unavailable desc = connection error: desc = "transport: Error while dialing: dial tcp 172.20.0.2:7050: connect: no route to host"
node3-1  | 2025-05-09T12:33:44.770Z	DEBUG	bft/viewchanger.go:264	Node 3 got a view change timeout, the current view is 0
node3-1  | 2025-05-09T12:33:44.770Z	DEBUG	bft/viewchanger.go:268	Node 3 is calling sync because it got a view change timeout
node3-1  | 2025-05-09T12:33:44.770Z	DEBUG	bft/viewchanger.go:373	Node 3 has already started view change with last view 0
node3-1  | 2025-05-09T12:33:44.770Z	DEBUG	bft/controller.go:539	get msg from syncChan
node4-1  | Node 3 called sync
node3-1  | Got sync proposal for seq 0, has_proposal false from node 4
node2-1  | Node 3 called sync
node3-1  | Got sync proposal for seq 0, has_proposal false from node 2
node3-1  | Returning from sync seq 0
node3-1  | 2025-05-09T12:33:44.783Z	INFO	bft/controller.go:637	Synchronizer returned with an empty proposal metadata
node3-1  | 2025-05-09T12:33:44.783Z	DEBUG	bft/statecollector.go:83	Node 3 started collecting state responses
node3-1  | Node 3: ошибка отправки сообщения узлу 1: rpc error: code = Unavailable desc = connection error: desc = "transport: Error while dialing: dial tcp 172.20.0.2:7050: connect: no route to host"
node2-1  | 2025-05-09T12:33:44.861Z	DEBUG	bft/statecollector.go:58	Node 2 handling state response: state_transfer_response:{sequence:1}
node2-1  | 2025-05-09T12:33:44.861Z	DEBUG	bft/statecollector.go:93	Node 2 collected a response: state_transfer_response:{sequence:1}
node3-1  | 2025-05-09T12:33:44.896Z	DEBUG	bft/statecollector.go:58	Node 3 handling state response: state_transfer_response:{sequence:1}
node3-1  | 2025-05-09T12:33:44.896Z	DEBUG	bft/statecollector.go:93	Node 3 collected a response: state_transfer_response:{sequence:1}
node2-1  | Node 2: ошибка отправки сообщения узлу 1: rpc error: code = Unavailable desc = connection error: desc = "transport: Error while dialing: dial tcp 172.20.0.2:7050: connect: no route to host"
node2-1  | 2025-05-09T12:33:45.730Z	DEBUG	bft/viewchanger.go:251	Node 2 resent a view change message with next view 1
node2-1  | 2025-05-09T12:33:45.744Z	INFO	bft/statecollector.go:90	Node 2 reached the state collector timeout
node2-1  | 2025-05-09T12:33:45.744Z	INFO	bft/controller.go:672	Fetching state failed
node2-1  | 2025-05-09T12:33:45.744Z	DEBUG	bft/controller.go:545	view and seq is zero
node2-1  | 2025-05-09T12:33:45.744Z	DEBUG	bft/controller.go:436	Got view change to 0 but view is already running
node3-1  | 2025-05-09T12:33:45.775Z	DEBUG	bft/viewchanger.go:277	Node 3 is processing a view change message view_change:{next_view:1} from 2 with next view 1
node3-1  | 2025-05-09T12:33:45.775Z	DEBUG	bft/viewchanger.go:397	view change voted 1 false
node3-1  | 
node3-1  | 2025-05-09T12:33:45.775Z	DEBUG	bft/viewchanger.go:403	case 2
node3-1  | 2025-05-09T12:33:45.784Z	INFO	bft/statecollector.go:90	Node 3 reached the state collector timeout
node3-1  | 2025-05-09T12:33:45.784Z	INFO	bft/controller.go:672	Fetching state failed
node3-1  | 2025-05-09T12:33:45.784Z	DEBUG	bft/controller.go:545	view and seq is zero
node3-1  | 2025-05-09T12:33:45.784Z	DEBUG	bft/controller.go:436	Got view change to 0 but view is already running
node3-1  | 2025-05-09T12:33:46.770Z	DEBUG	bft/viewchanger.go:251	Node 3 resent a view change message with next view 1
node3-1  | Node 3: ошибка отправки сообщения узлу 1: rpc error: code = Unavailable desc = connection error: desc = "transport: Error while dialing: dial tcp 172.20.0.2:7050: connect: no route to host"
node2-1  | 2025-05-09T12:33:46.818Z	DEBUG	bft/viewchanger.go:277	Node 2 is processing a view change message view_change:{next_view:1} from 3 with next view 1
node2-1  | 2025-05-09T12:33:46.819Z	DEBUG	bft/viewchanger.go:397	view change voted 1 false
node2-1  | 
node2-1  | 2025-05-09T12:33:46.819Z	DEBUG	bft/viewchanger.go:403	case 2
node2-1  | Node 2: ошибка отправки сообщения узлу 1: rpc error: code = Unavailable desc = connection error: desc = "transport: Error while dialing: dial tcp 172.20.0.2:7050: connect: no route to host"
node2-1  | 2025-05-09T12:33:51.730Z	DEBUG	bft/viewchanger.go:251	Node 2 resent a view change message with next view 1
node3-1  | 2025-05-09T12:33:51.770Z	DEBUG	bft/viewchanger.go:251	Node 3 resent a view change message with next view 1
node3-1  | Node 3: ошибка отправки сообщения узлу 1: rpc error: code = Unavailable desc = connection error: desc = "transport: Error while dialing: dial tcp 172.20.0.2:7050: connect: no route to host"
node3-1  | 2025-05-09T12:33:51.777Z	DEBUG	bft/viewchanger.go:277	Node 3 is processing a view change message view_change:{next_view:1} from 2 with next view 1
node3-1  | 2025-05-09T12:33:51.777Z	DEBUG	bft/viewchanger.go:397	view change voted 1 false
node3-1  | 
node3-1  | 2025-05-09T12:33:51.777Z	DEBUG	bft/viewchanger.go:403	case 2
node2-1  | 2025-05-09T12:33:51.831Z	DEBUG	bft/viewchanger.go:277	Node 2 is processing a view change message view_change:{next_view:1} from 3 with next view 1
node2-1  | 2025-05-09T12:33:51.831Z	DEBUG	bft/viewchanger.go:397	view change voted 1 false
node2-1  | 
node2-1  | 2025-05-09T12:33:51.832Z	DEBUG	bft/viewchanger.go:403	case 2
node2-1  | 2025-05-09T12:33:57.730Z	DEBUG	bft/viewchanger.go:251	Node 2 resent a view change message with next view 1
node2-1  | Node 2: ошибка отправки сообщения узлу 1: rpc error: code = Unavailable desc = connection error: desc = "transport: Error while dialing: dial tcp 172.20.0.2:7050: connect: no route to host"
node3-1  | 2025-05-09T12:33:57.770Z	DEBUG	bft/viewchanger.go:251	Node 3 resent a view change message with next view 1
node3-1  | Node 3: ошибка отправки сообщения узлу 1: rpc error: code = Unavailable desc = connection error: desc = "transport: Error while dialing: dial tcp 172.20.0.2:7050: connect: no route to host"
node3-1  | 2025-05-09T12:33:57.782Z	DEBUG	bft/viewchanger.go:277	Node 3 is processing a view change message view_change:{next_view:1} from 2 with next view 1
node3-1  | 2025-05-09T12:33:57.783Z	DEBUG	bft/viewchanger.go:397	view change voted 1 false
node3-1  | 
node3-1  | 2025-05-09T12:33:57.783Z	DEBUG	bft/viewchanger.go:403	case 2
node2-1  | 2025-05-09T12:33:57.815Z	DEBUG	bft/viewchanger.go:277	Node 2 is processing a view change message view_change:{next_view:1} from 3 with next view 1
node2-1  | 2025-05-09T12:33:57.815Z	DEBUG	bft/viewchanger.go:397	view change voted 1 false
node2-1  | 
node2-1  | 2025-05-09T12:33:57.815Z	DEBUG	bft/viewchanger.go:403	case 2
node2-1  | 2025-05-09T12:34:03.730Z	DEBUG	bft/viewchanger.go:251	Node 2 resent a view change message with next view 1
node2-1  | Node 2: ошибка отправки сообщения узлу 1: rpc error: code = Unavailable desc = connection error: desc = "transport: Error while dialing: dial tcp 172.20.0.2:7050: connect: no route to host"
node3-1  | 2025-05-09T12:34:03.770Z	DEBUG	bft/viewchanger.go:251	Node 3 resent a view change message with next view 1
node3-1  | Node 3: ошибка отправки сообщения узлу 1: rpc error: code = Unavailable desc = connection error: desc = "transport: Error while dialing: dial tcp 172.20.0.2:7050: connect: no route to host"
node3-1  | 2025-05-09T12:34:03.789Z	DEBUG	bft/viewchanger.go:277	Node 3 is processing a view change message view_change:{next_view:1} from 2 with next view 1
node3-1  | 2025-05-09T12:34:03.789Z	DEBUG	bft/viewchanger.go:397	view change voted 1 false
node3-1  | 
node3-1  | 2025-05-09T12:34:03.789Z	DEBUG	bft/viewchanger.go:403	case 2
node2-1  | 2025-05-09T12:34:03.822Z	DEBUG	bft/viewchanger.go:277	Node 2 is processing a view change message view_change:{next_view:1} from 3 with next view 1
node2-1  | 2025-05-09T12:34:03.823Z	DEBUG	bft/viewchanger.go:397	view change voted 1 false
node2-1  | 
node2-1  | 2025-05-09T12:34:03.823Z	DEBUG	bft/viewchanger.go:403	case 2
node2-1  | 2025-05-09T12:34:04.730Z	DEBUG	bft/viewchanger.go:264	Node 2 got a view change timeout, the current view is 0
node2-1  | 2025-05-09T12:34:04.730Z	DEBUG	bft/viewchanger.go:268	Node 2 is calling sync because it got a view change timeout
node2-1  | 2025-05-09T12:34:04.730Z	DEBUG	bft/viewchanger.go:373	Node 2 has already started view change with last view 0
node2-1  | 2025-05-09T12:34:04.730Z	DEBUG	bft/controller.go:539	get msg from syncChan
node2-1  | Node 2: Sync called
node2-1  | Trying to get seq 0 in sync
node2-1  | Node 2: ошибка отправки транзакции узлу 1: rpc error: code = Unavailable desc = connection error: desc = "transport: Error while dialing: dial tcp 172.20.0.2:7050: connect: no route to host"
node3-1  | Node 2 called sync
node2-1  | Got sync proposal for seq 0, has_proposal false from node 3
node4-1  | Node 2 called sync
node2-1  | Got sync proposal for seq 0, has_proposal false from node 4
node2-1  | Returning from sync seq 0
node2-1  | 2025-05-09T12:34:04.742Z	INFO	bft/controller.go:637	Synchronizer returned with an empty proposal metadata
node2-1  | Node 2: ошибка отправки сообщения узлу 1: rpc error: code = Unavailable desc = connection error: desc = "transport: Error while dialing: dial tcp 172.20.0.2:7050: connect: no route to host"
node2-1  | 2025-05-09T12:34:04.742Z	DEBUG	bft/statecollector.go:83	Node 2 started collecting state responses
node2-1  | 2025-05-09T12:34:04.837Z	DEBUG	bft/statecollector.go:58	Node 2 handling state response: state_transfer_response:{sequence:1}
node2-1  | 2025-05-09T12:34:04.837Z	DEBUG	bft/statecollector.go:93	Node 2 collected a response: state_transfer_response:{sequence:1}
node2-1  | 2025-05-09T12:34:05.743Z	INFO	bft/statecollector.go:90	Node 2 reached the state collector timeout
node2-1  | 2025-05-09T12:34:05.743Z	INFO	bft/controller.go:672	Fetching state failed
node2-1  | 2025-05-09T12:34:05.743Z	DEBUG	bft/controller.go:545	view and seq is zero
node2-1  | 2025-05-09T12:34:05.743Z	DEBUG	bft/controller.go:436	Got view change to 0 but view is already running
node3-1  | 2025-05-09T12:34:05.770Z	DEBUG	bft/viewchanger.go:264	Node 3 got a view change timeout, the current view is 0
node3-1  | 2025-05-09T12:34:05.770Z	DEBUG	bft/viewchanger.go:268	Node 3 is calling sync because it got a view change timeout
node3-1  | 2025-05-09T12:34:05.770Z	DEBUG	bft/viewchanger.go:373	Node 3 has already started view change with last view 0
node3-1  | 2025-05-09T12:34:05.770Z	DEBUG	bft/controller.go:539	get msg from syncChan
node3-1  | Node 3: Sync called
node3-1  | Trying to get seq 0 in sync
node3-1  | Node 3: ошибка отправки транзакции узлу 1: rpc error: code = Unavailable desc = connection error: desc = "transport: Error while dialing: dial tcp 172.20.0.2:7050: connect: no route to host"
node2-1  | Node 3 called sync
node3-1  | Got sync proposal for seq 0, has_proposal false from node 2
node4-1  | Node 3 called sync
node3-1  | Got sync proposal for seq 0, has_proposal false from node 4
node3-1  | Returning from sync seq 0
node3-1  | 2025-05-09T12:34:05.783Z	INFO	bft/controller.go:637	Synchronizer returned with an empty proposal metadata
node3-1  | 2025-05-09T12:34:05.783Z	DEBUG	bft/statecollector.go:83	Node 3 started collecting state responses
node3-1  | Node 3: ошибка отправки сообщения узлу 1: rpc error: code = Unavailable desc = connection error: desc = "transport: Error while dialing: dial tcp 172.20.0.2:7050: connect: no route to host"
node3-1  | 2025-05-09T12:34:05.886Z	DEBUG	bft/statecollector.go:58	Node 3 handling state response: state_transfer_response:{sequence:1}
node3-1  | 2025-05-09T12:34:05.886Z	DEBUG	bft/statecollector.go:93	Node 3 collected a response: state_transfer_response:{sequence:1}
node3-1  | 2025-05-09T12:34:06.784Z	INFO	bft/statecollector.go:90	Node 3 reached the state collector timeout
node3-1  | 2025-05-09T12:34:06.784Z	INFO	bft/controller.go:672	Fetching state failed
node3-1  | 2025-05-09T12:34:06.784Z	DEBUG	bft/controller.go:545	view and seq is zero
node3-1  | 2025-05-09T12:34:06.784Z	DEBUG	bft/controller.go:436	Got view change to 0 but view is already running
node2-1  | 2025-05-09T12:34:09.730Z	DEBUG	bft/viewchanger.go:251	Node 2 resent a view change message with next view 1
node2-1  | Node 2: ошибка отправки сообщения узлу 1: rpc error: code = Unavailable desc = connection error: desc = "transport: Error while dialing: dial tcp 172.20.0.2:7050: connect: no route to host"
node3-1  | 2025-05-09T12:34:09.770Z	DEBUG	bft/viewchanger.go:251	Node 3 resent a view change message with next view 1
node3-1  | Node 3: ошибка отправки сообщения узлу 1: rpc error: code = Unavailable desc = connection error: desc = "transport: Error while dialing: dial tcp 172.20.0.2:7050: connect: no route to host"
node3-1  | 2025-05-09T12:34:09.789Z	DEBUG	bft/viewchanger.go:277	Node 3 is processing a view change message view_change:{next_view:1} from 2 with next view 1
node3-1  | 2025-05-09T12:34:09.789Z	DEBUG	bft/viewchanger.go:397	view change voted 1 false
node3-1  | 
node3-1  | 2025-05-09T12:34:09.789Z	DEBUG	bft/viewchanger.go:403	case 2
node2-1  | 2025-05-09T12:34:09.820Z	DEBUG	bft/viewchanger.go:277	Node 2 is processing a view change message view_change:{next_view:1} from 3 with next view 1
node2-1  | 2025-05-09T12:34:09.820Z	DEBUG	bft/viewchanger.go:397	view change voted 1 false
node2-1  | 
node2-1  | 2025-05-09T12:34:09.820Z	DEBUG	bft/viewchanger.go:403	case 2
node2-1  | Node 2: ошибка отправки сообщения узлу 1: rpc error: code = Unavailable desc = connection error: desc = "transport: Error while dialing: dial tcp 172.20.0.2:7050: connect: no route to host"
node2-1  | 2025-05-09T12:34:14.731Z	DEBUG	bft/viewchanger.go:251	Node 2 resent a view change message with next view 1
node3-1  | 2025-05-09T12:34:14.770Z	DEBUG	bft/viewchanger.go:251	Node 3 resent a view change message with next view 1
node3-1  | Node 3: ошибка отправки сообщения узлу 1: rpc error: code = Unavailable desc = connection error: desc = "transport: Error while dialing: dial tcp 172.20.0.2:7050: connect: no route to host"
node3-1  | 2025-05-09T12:34:14.794Z	DEBUG	bft/viewchanger.go:277	Node 3 is processing a view change message view_change:{next_view:1} from 2 with next view 1
node3-1  | 2025-05-09T12:34:14.794Z	DEBUG	bft/viewchanger.go:397	view change voted 1 false
node3-1  | 
node3-1  | 2025-05-09T12:34:14.794Z	DEBUG	bft/viewchanger.go:403	case 2
node2-1  | 2025-05-09T12:34:14.834Z	DEBUG	bft/viewchanger.go:277	Node 2 is processing a view change message view_change:{next_view:1} from 3 with next view 1
node2-1  | 2025-05-09T12:34:14.834Z	DEBUG	bft/viewchanger.go:397	view change voted 1 false
node2-1  | 
node2-1  | 2025-05-09T12:34:14.834Z	DEBUG	bft/viewchanger.go:403	case 2
node2-1  | 2025-05-09T12:34:20.730Z	DEBUG	bft/viewchanger.go:251	Node 2 resent a view change message with next view 1
node2-1  | Node 2: ошибка отправки сообщения узлу 1: rpc error: code = Unavailable desc = connection error: desc = "transport: Error while dialing: dial tcp 172.20.0.2:7050: connect: no route to host"
node3-1  | 2025-05-09T12:34:20.770Z	DEBUG	bft/viewchanger.go:251	Node 3 resent a view change message with next view 1
node3-1  | Node 3: ошибка отправки сообщения узлу 1: rpc error: code = Unavailable desc = connection error: desc = "transport: Error while dialing: dial tcp 172.20.0.2:7050: connect: no route to host"
node3-1  | 2025-05-09T12:34:20.777Z	DEBUG	bft/viewchanger.go:277	Node 3 is processing a view change message view_change:{next_view:1} from 2 with next view 1
node3-1  | 2025-05-09T12:34:20.777Z	DEBUG	bft/viewchanger.go:397	view change voted 1 false
node3-1  | 
node3-1  | 2025-05-09T12:34:20.777Z	DEBUG	bft/viewchanger.go:403	case 2
node2-1  | 2025-05-09T12:34:20.814Z	DEBUG	bft/viewchanger.go:277	Node 2 is processing a view change message view_change:{next_view:1} from 3 with next view 1
node2-1  | 2025-05-09T12:34:20.814Z	DEBUG	bft/viewchanger.go:397	view change voted 1 false
node2-1  | 
node2-1  | 2025-05-09T12:34:20.814Z	DEBUG	bft/viewchanger.go:403	case 2
node4-1  | Node 2 called sync
node2-1  | 2025-05-09T12:34:24.730Z	DEBUG	bft/viewchanger.go:264	Node 2 got a view change timeout, the current view is 0
node2-1  | 2025-05-09T12:34:24.730Z	DEBUG	bft/viewchanger.go:268	Node 2 is calling sync because it got a view change timeout
node2-1  | Node 2: Sync called
node2-1  | Trying to get seq 0 in sync
node2-1  | Node 2: ошибка отправки транзакции узлу 1: rpc error: code = Unavailable desc = connection error: desc = "transport: Error while dialing: dial tcp 172.20.0.2:7050: connect: no route to host"
node2-1  | 2025-05-09T12:34:24.731Z	DEBUG	bft/viewchanger.go:373	Node 2 has already started view change with last view 0
node2-1  | 2025-05-09T12:34:24.731Z	DEBUG	bft/controller.go:539	get msg from syncChan
node2-1  | Got sync proposal for seq 0, has_proposal false from node 4
node3-1  | Node 2 called sync
node2-1  | Got sync proposal for seq 0, has_proposal false from node 3
node2-1  | Returning from sync seq 0
node2-1  | 2025-05-09T12:34:24.731Z	INFO	bft/controller.go:637	Synchronizer returned with an empty proposal metadata
node2-1  | 2025-05-09T12:34:24.731Z	DEBUG	bft/statecollector.go:83	Node 2 started collecting state responses
node2-1  | Node 2: ошибка отправки сообщения узлу 1: rpc error: code = Unavailable desc = connection error: desc = "transport: Error while dialing: dial tcp 172.20.0.2:7050: connect: no route to host"
node3-1  | 2025-05-09T12:34:24.770Z	DEBUG	bft/viewchanger.go:264	Node 3 got a view change timeout, the current view is 0
node3-1  | 2025-05-09T12:34:24.770Z	DEBUG	bft/viewchanger.go:268	Node 3 is calling sync because it got a view change timeout
node3-1  | 2025-05-09T12:34:24.770Z	DEBUG	bft/viewchanger.go:373	Node 3 has already started view change with last view 0
node3-1  | Node 3: Sync called
node3-1  | Trying to get seq 0 in sync
node3-1  | 2025-05-09T12:34:24.770Z	DEBUG	bft/controller.go:539	get msg from syncChan
node3-1  | Node 3: ошибка отправки транзакции узлу 1: rpc error: code = Unavailable desc = connection error: desc = "transport: Error while dialing: dial tcp 172.20.0.2:7050: connect: no route to host"
node2-1  | Node 3 called sync
node3-1  | Got sync proposal for seq 0, has_proposal false from node 2
node4-1  | Node 3 called sync
node3-1  | Got sync proposal for seq 0, has_proposal false from node 4
node3-1  | Returning from sync seq 0
node3-1  | 2025-05-09T12:34:24.774Z	INFO	bft/controller.go:637	Synchronizer returned with an empty proposal metadata
node3-1  | 2025-05-09T12:34:24.774Z	DEBUG	bft/statecollector.go:83	Node 3 started collecting state responses
node3-1  | Node 3: ошибка отправки сообщения узлу 1: rpc error: code = Unavailable desc = connection error: desc = "transport: Error while dialing: dial tcp 172.20.0.2:7050: connect: no route to host"
node2-1  | 2025-05-09T12:34:24.830Z	DEBUG	bft/statecollector.go:58	Node 2 handling state response: state_transfer_response:{sequence:1}
node2-1  | 2025-05-09T12:34:24.830Z	DEBUG	bft/statecollector.go:93	Node 2 collected a response: state_transfer_response:{sequence:1}
node3-1  | 2025-05-09T12:34:24.870Z	DEBUG	bft/statecollector.go:58	Node 3 handling state response: state_transfer_response:{sequence:1}
node3-1  | 2025-05-09T12:34:24.870Z	DEBUG	bft/statecollector.go:93	Node 3 collected a response: state_transfer_response:{sequence:1}
node2-1  | 2025-05-09T12:34:25.730Z	DEBUG	bft/viewchanger.go:251	Node 2 resent a view change message with next view 1
node2-1  | Node 2: ошибка отправки сообщения узлу 1: rpc error: code = Unavailable desc = connection error: desc = "transport: Error while dialing: dial tcp 172.20.0.2:7050: connect: no route to host"
node2-1  | 2025-05-09T12:34:25.731Z	INFO	bft/statecollector.go:90	Node 2 reached the state collector timeout
node2-1  | 2025-05-09T12:34:25.731Z	INFO	bft/controller.go:672	Fetching state failed
node2-1  | 2025-05-09T12:34:25.731Z	DEBUG	bft/controller.go:545	view and seq is zero
node2-1  | 2025-05-09T12:34:25.731Z	DEBUG	bft/controller.go:436	Got view change to 0 but view is already running
node3-1  | Node 3: ошибка отправки сообщения узлу 1: rpc error: code = Unavailable desc = connection error: desc = "transport: Error while dialing: dial tcp 172.20.0.2:7050: connect: no route to host"
node3-1  | 2025-05-09T12:34:25.770Z	DEBUG	bft/viewchanger.go:251	Node 3 resent a view change message with next view 1
node3-1  | 2025-05-09T12:34:25.774Z	INFO	bft/statecollector.go:90	Node 3 reached the state collector timeout
node3-1  | 2025-05-09T12:34:25.774Z	INFO	bft/controller.go:672	Fetching state failed
node3-1  | 2025-05-09T12:34:25.774Z	DEBUG	bft/controller.go:545	view and seq is zero
node3-1  | 2025-05-09T12:34:25.774Z	DEBUG	bft/controller.go:436	Got view change to 0 but view is already running
node3-1  | 2025-05-09T12:34:25.776Z	DEBUG	bft/viewchanger.go:277	Node 3 is processing a view change message view_change:{next_view:1} from 2 with next view 1
node3-1  | 2025-05-09T12:34:25.777Z	DEBUG	bft/viewchanger.go:397	view change voted 1 false
node3-1  | 
node3-1  | 2025-05-09T12:34:25.777Z	DEBUG	bft/viewchanger.go:403	case 2
node2-1  | 2025-05-09T12:34:25.817Z	DEBUG	bft/viewchanger.go:277	Node 2 is processing a view change message view_change:{next_view:1} from 3 with next view 1
node2-1  | 2025-05-09T12:34:25.817Z	DEBUG	bft/viewchanger.go:397	view change voted 1 false
node2-1  | 
node2-1  | 2025-05-09T12:34:25.817Z	DEBUG	bft/viewchanger.go:403	case 2
node2-1  | Node 2: ошибка отправки сообщения узлу 1: rpc error: code = Unavailable desc = connection error: desc = "transport: Error while dialing: dial tcp 172.20.0.2:7050: connect: no route to host"
node2-1  | 2025-05-09T12:34:30.731Z	DEBUG	bft/viewchanger.go:251	Node 2 resent a view change message with next view 1
node3-1  | 2025-05-09T12:34:30.770Z	DEBUG	bft/viewchanger.go:251	Node 3 resent a view change message with next view 1
node3-1  | Node 3: ошибка отправки сообщения узлу 1: rpc error: code = Unavailable desc = connection error: desc = "transport: Error while dialing: dial tcp 172.20.0.2:7050: connect: no route to host"
node3-1  | 2025-05-09T12:34:30.782Z	DEBUG	bft/viewchanger.go:277	Node 3 is processing a view change message view_change:{next_view:1} from 2 with next view 1
node3-1  | 2025-05-09T12:34:30.782Z	DEBUG	bft/viewchanger.go:397	view change voted 1 false
node3-1  | 
node3-1  | 2025-05-09T12:34:30.782Z	DEBUG	bft/viewchanger.go:403	case 2
node2-1  | 2025-05-09T12:34:30.816Z	DEBUG	bft/viewchanger.go:277	Node 2 is processing a view change message view_change:{next_view:1} from 3 with next view 1
node2-1  | 2025-05-09T12:34:30.816Z	DEBUG	bft/viewchanger.go:397	view change voted 1 false
node2-1  | 
node2-1  | 2025-05-09T12:34:30.816Z	DEBUG	bft/viewchanger.go:403	case 2
node3-1  | 2025-05-09T12:34:35.770Z	DEBUG	bft/viewchanger.go:251	Node 3 resent a view change message with next view 1
node3-1  | Node 3: ошибка отправки сообщения узлу 1: rpc error: code = Unavailable desc = connection error: desc = "transport: Error while dialing: dial tcp 172.20.0.2:7050: connect: no route to host"
node2-1  | 2025-05-09T12:34:35.822Z	DEBUG	bft/viewchanger.go:277	Node 2 is processing a view change message view_change:{next_view:1} from 3 with next view 1
node2-1  | 2025-05-09T12:34:35.822Z	DEBUG	bft/viewchanger.go:397	view change voted 1 false
node2-1  | 
node2-1  | 2025-05-09T12:34:35.822Z	DEBUG	bft/viewchanger.go:403	case 2
node2-1  | 2025-05-09T12:34:36.730Z	DEBUG	bft/viewchanger.go:251	Node 2 resent a view change message with next view 1
node2-1  | Node 2: ошибка отправки сообщения узлу 1: rpc error: code = Unavailable desc = connection error: desc = "transport: Error while dialing: dial tcp 172.20.0.2:7050: connect: no route to host"
node3-1  | 2025-05-09T12:34:36.778Z	DEBUG	bft/viewchanger.go:277	Node 3 is processing a view change message view_change:{next_view:1} from 2 with next view 1
node3-1  | 2025-05-09T12:34:36.778Z	DEBUG	bft/viewchanger.go:397	view change voted 1 false
node3-1  | 
node3-1  | 2025-05-09T12:34:36.778Z	DEBUG	bft/viewchanger.go:403	case 2
node3-1  | 2025-05-09T12:34:41.770Z	DEBUG	bft/viewchanger.go:251	Node 3 resent a view change message with next view 1
node3-1  | Node 3: ошибка отправки сообщения узлу 1: rpc error: code = Unavailable desc = connection error: desc = "transport: Error while dialing: dial tcp 172.20.0.2:7050: connect: no route to host"
node2-1  | 2025-05-09T12:34:41.820Z	DEBUG	bft/viewchanger.go:277	Node 2 is processing a view change message view_change:{next_view:1} from 3 with next view 1
node2-1  | 2025-05-09T12:34:41.820Z	DEBUG	bft/viewchanger.go:397	view change voted 1 false
node2-1  | 
node2-1  | 2025-05-09T12:34:41.820Z	DEBUG	bft/viewchanger.go:403	case 2
node2-1  | 2025-05-09T12:34:42.730Z	DEBUG	bft/viewchanger.go:251	Node 2 resent a view change message with next view 1
node2-1  | Node 2: ошибка отправки сообщения узлу 1: rpc error: code = Unavailable desc = connection error: desc = "transport: Error while dialing: dial tcp 172.20.0.2:7050: connect: no route to host"
node3-1  | 2025-05-09T12:34:42.778Z	DEBUG	bft/viewchanger.go:277	Node 3 is processing a view change message view_change:{next_view:1} from 2 with next view 1
node3-1  | 2025-05-09T12:34:42.778Z	DEBUG	bft/viewchanger.go:397	view change voted 1 false
node3-1  | 
node3-1  | 2025-05-09T12:34:42.778Z	DEBUG	bft/viewchanger.go:403	case 2
node2-1  | Node 2: Sync called
node2-1  | Trying to get seq 0 in sync
node2-1  | 2025-05-09T12:34:45.730Z	DEBUG	bft/viewchanger.go:264	Node 2 got a view change timeout, the current view is 0
node2-1  | 2025-05-09T12:34:45.730Z	DEBUG	bft/viewchanger.go:268	Node 2 is calling sync because it got a view change timeout
node2-1  | 2025-05-09T12:34:45.730Z	DEBUG	bft/viewchanger.go:373	Node 2 has already started view change with last view 0
node2-1  | 2025-05-09T12:34:45.730Z	DEBUG	bft/controller.go:539	get msg from syncChan
node2-1  | Node 2: ошибка отправки транзакции узлу 1: rpc error: code = Unavailable desc = connection error: desc = "transport: Error while dialing: dial tcp 172.20.0.2:7050: connect: no route to host"
node3-1  | Node 2 called sync
node2-1  | Got sync proposal for seq 0, has_proposal false from node 3
node4-1  | Node 2 called sync
node2-1  | Got sync proposal for seq 0, has_proposal false from node 4
node2-1  | Returning from sync seq 0
node2-1  | 2025-05-09T12:34:45.743Z	INFO	bft/controller.go:637	Synchronizer returned with an empty proposal metadata
node2-1  | 2025-05-09T12:34:45.743Z	DEBUG	bft/statecollector.go:83	Node 2 started collecting state responses
node2-1  | Node 2: ошибка отправки сообщения узлу 1: rpc error: code = Unavailable desc = connection error: desc = "transport: Error while dialing: dial tcp 172.20.0.2:7050: connect: no route to host"
node3-1  | 2025-05-09T12:34:45.771Z	DEBUG	bft/viewchanger.go:264	Node 3 got a view change timeout, the current view is 0
node3-1  | 2025-05-09T12:34:45.771Z	DEBUG	bft/viewchanger.go:268	Node 3 is calling sync because it got a view change timeout
node3-1  | 2025-05-09T12:34:45.771Z	DEBUG	bft/viewchanger.go:373	Node 3 has already started view change with last view 0
node3-1  | Node 3: Sync called
node3-1  | 2025-05-09T12:34:45.771Z	DEBUG	bft/controller.go:539	get msg from syncChan
node3-1  | Trying to get seq 0 in sync
node3-1  | Node 3: ошибка отправки транзакции узлу 1: rpc error: code = Unavailable desc = connection error: desc = "transport: Error while dialing: dial tcp 172.20.0.2:7050: connect: no route to host"
node4-1  | Node 3 called sync
node3-1  | Got sync proposal for seq 0, has_proposal false from node 4
node2-1  | Node 3 called sync
node3-1  | Got sync proposal for seq 0, has_proposal false from node 2
node3-1  | Returning from sync seq 0
node3-1  | 2025-05-09T12:34:45.778Z	INFO	bft/controller.go:637	Synchronizer returned with an empty proposal metadata
node3-1  | 2025-05-09T12:34:45.778Z	DEBUG	bft/statecollector.go:83	Node 3 started collecting state responses
node3-1  | Node 3: ошибка отправки сообщения узлу 1: rpc error: code = Unavailable desc = connection error: desc = "transport: Error while dialing: dial tcp 172.20.0.2:7050: connect: no route to host"
node2-1  | 2025-05-09T12:34:45.845Z	DEBUG	bft/statecollector.go:58	Node 2 handling state response: state_transfer_response:{sequence:1}
node2-1  | 2025-05-09T12:34:45.845Z	DEBUG	bft/statecollector.go:93	Node 2 collected a response: state_transfer_response:{sequence:1}
node3-1  | 2025-05-09T12:34:45.870Z	DEBUG	bft/statecollector.go:58	Node 3 handling state response: state_transfer_response:{sequence:1}
node3-1  | 2025-05-09T12:34:45.870Z	DEBUG	bft/statecollector.go:93	Node 3 collected a response: state_transfer_response:{sequence:1}
node2-1  | 2025-05-09T12:34:46.744Z	INFO	bft/statecollector.go:90	Node 2 reached the state collector timeout
node2-1  | 2025-05-09T12:34:46.744Z	INFO	bft/controller.go:672	Fetching state failed
node2-1  | 2025-05-09T12:34:46.744Z	DEBUG	bft/controller.go:545	view and seq is zero
node2-1  | 2025-05-09T12:34:46.744Z	DEBUG	bft/controller.go:436	Got view change to 0 but view is already running
node3-1  | Node 3: ошибка отправки сообщения узлу 1: rpc error: code = Unavailable desc = connection error: desc = "transport: Error while dialing: dial tcp 172.20.0.2:7050: connect: no route to host"
node3-1  | 2025-05-09T12:34:46.771Z	DEBUG	bft/viewchanger.go:251	Node 3 resent a view change message with next view 1
node3-1  | 2025-05-09T12:34:46.779Z	INFO	bft/statecollector.go:90	Node 3 reached the state collector timeout
node3-1  | 2025-05-09T12:34:46.779Z	INFO	bft/controller.go:672	Fetching state failed
node3-1  | 2025-05-09T12:34:46.779Z	DEBUG	bft/controller.go:545	view and seq is zero
node3-1  | 2025-05-09T12:34:46.779Z	DEBUG	bft/controller.go:436	Got view change to 0 but view is already running
node2-1  | 2025-05-09T12:34:46.824Z	DEBUG	bft/viewchanger.go:277	Node 2 is processing a view change message view_change:{next_view:1} from 3 with next view 1
node2-1  | 2025-05-09T12:34:46.824Z	DEBUG	bft/viewchanger.go:397	view change voted 1 false
node2-1  | 
node2-1  | 2025-05-09T12:34:46.824Z	DEBUG	bft/viewchanger.go:403	case 2
node2-1  | Node 2: ошибка отправки сообщения узлу 1: rpc error: code = Unavailable desc = connection error: desc = "transport: Error while dialing: dial tcp 172.20.0.2:7050: connect: no route to host"
node2-1  | 2025-05-09T12:34:48.730Z	DEBUG	bft/viewchanger.go:251	Node 2 resent a view change message with next view 1
node3-1  | 2025-05-09T12:34:48.789Z	DEBUG	bft/viewchanger.go:277	Node 3 is processing a view change message view_change:{next_view:1} from 2 with next view 1
node3-1  | 2025-05-09T12:34:48.789Z	DEBUG	bft/viewchanger.go:397	view change voted 1 false
node3-1  | 
node3-1  | 2025-05-09T12:34:48.789Z	DEBUG	bft/viewchanger.go:403	case 2
node3-1  | 2025-05-09T12:34:51.770Z	DEBUG	bft/viewchanger.go:251	Node 3 resent a view change message with next view 1
node3-1  | Node 3: ошибка отправки сообщения узлу 1: rpc error: code = Unavailable desc = connection error: desc = "transport: Error while dialing: dial tcp 172.20.0.2:7050: connect: no route to host"
node2-1  | 2025-05-09T12:34:51.822Z	DEBUG	bft/viewchanger.go:277	Node 2 is processing a view change message view_change:{next_view:1} from 3 with next view 1
node2-1  | 2025-05-09T12:34:51.822Z	DEBUG	bft/viewchanger.go:397	view change voted 1 false
node2-1  | 
node2-1  | 2025-05-09T12:34:51.822Z	DEBUG	bft/viewchanger.go:403	case 2
node2-1  | 2025-05-09T12:34:54.730Z	DEBUG	bft/viewchanger.go:251	Node 2 resent a view change message with next view 1
node2-1  | Node 2: ошибка отправки сообщения узлу 1: rpc error: code = Unavailable desc = connection error: desc = "transport: Error while dialing: dial tcp 172.20.0.2:7050: connect: no route to host"
node3-1  | 2025-05-09T12:34:54.789Z	DEBUG	bft/viewchanger.go:277	Node 3 is processing a view change message view_change:{next_view:1} from 2 with next view 1
node3-1  | 2025-05-09T12:34:54.789Z	DEBUG	bft/viewchanger.go:397	view change voted 1 false
node3-1  | 
node3-1  | 2025-05-09T12:34:54.789Z	DEBUG	bft/viewchanger.go:403	case 2
node3-1  | 2025-05-09T12:34:57.770Z	DEBUG	bft/viewchanger.go:251	Node 3 resent a view change message with next view 1
node3-1  | Node 3: ошибка отправки сообщения узлу 1: rpc error: code = Unavailable desc = connection error: desc = "transport: Error while dialing: dial tcp 172.20.0.2:7050: connect: no route to host"
node2-1  | 2025-05-09T12:34:57.825Z	DEBUG	bft/viewchanger.go:277	Node 2 is processing a view change message view_change:{next_view:1} from 3 with next view 1
node2-1  | 2025-05-09T12:34:57.826Z	DEBUG	bft/viewchanger.go:397	view change voted 1 false
node2-1  | 
node2-1  | 2025-05-09T12:34:57.826Z	DEBUG	bft/viewchanger.go:403	case 2
node2-1  | 2025-05-09T12:35:00.731Z	DEBUG	bft/viewchanger.go:251	Node 2 resent a view change message with next view 1
node2-1  | Node 2: ошибка отправки сообщения узлу 1: rpc error: code = Unavailable desc = connection error: desc = "transport: Error while dialing: dial tcp 172.20.0.2:7050: connect: no route to host"
node3-1  | 2025-05-09T12:35:00.787Z	DEBUG	bft/viewchanger.go:277	Node 3 is processing a view change message view_change:{next_view:1} from 2 with next view 1
node3-1  | 2025-05-09T12:35:00.787Z	DEBUG	bft/viewchanger.go:397	view change voted 1 false
node3-1  | 
node3-1  | 2025-05-09T12:35:00.787Z	DEBUG	bft/viewchanger.go:403	case 2
node3-1  | Node 3: ошибка отправки сообщения узлу 1: rpc error: code = Unavailable desc = connection error: desc = "transport: Error while dialing: dial tcp 172.20.0.2:7050: connect: no route to host"
node3-1  | 2025-05-09T12:35:02.770Z	DEBUG	bft/viewchanger.go:251	Node 3 resent a view change message with next view 1
node2-1  | 2025-05-09T12:35:02.816Z	DEBUG	bft/viewchanger.go:277	Node 2 is processing a view change message view_change:{next_view:1} from 3 with next view 1
node2-1  | 2025-05-09T12:35:02.816Z	DEBUG	bft/viewchanger.go:397	view change voted 1 false
node2-1  | 
node2-1  | 2025-05-09T12:35:02.816Z	DEBUG	bft/viewchanger.go:403	case 2
node3-1  | 2025-05-09T12:35:04.770Z	DEBUG	bft/viewchanger.go:264	Node 3 got a view change timeout, the current view is 0
node3-1  | 2025-05-09T12:35:04.770Z	DEBUG	bft/viewchanger.go:268	Node 3 is calling sync because it got a view change timeout
node3-1  | 2025-05-09T12:35:04.770Z	DEBUG	bft/viewchanger.go:373	Node 3 has already started view change with last view 0
node3-1  | 2025-05-09T12:35:04.770Z	DEBUG	bft/controller.go:539	get msg from syncChan
node3-1  | Node 3: Sync called
node3-1  | Trying to get seq 0 in sync
node3-1  | Node 3: ошибка отправки транзакции узлу 1: rpc error: code = Unavailable desc = connection error: desc = "transport: Error while dialing: dial tcp 172.20.0.2:7050: connect: no route to host"
node4-1  | Node 3 called sync
node2-1  | Node 3 called sync
node3-1  | 2025-05-09T12:35:04.771Z	INFO	bft/controller.go:637	Synchronizer returned with an empty proposal metadata
node3-1  | 2025-05-09T12:35:04.771Z	DEBUG	bft/statecollector.go:83	Node 3 started collecting state responses
node3-1  | Got sync proposal for seq 0, has_proposal false from node 4
node3-1  | Got sync proposal for seq 0, has_proposal false from node 2
node3-1  | Returning from sync seq 0
node3-1  | Node 3: ошибка отправки сообщения узлу 1: rpc error: code = Unavailable desc = connection error: desc = "transport: Error while dialing: dial tcp 172.20.0.2:7050: connect: no route to host"
node3-1  | 2025-05-09T12:35:04.888Z	DEBUG	bft/statecollector.go:58	Node 3 handling state response: state_transfer_response:{sequence:1}
node3-1  | 2025-05-09T12:35:04.888Z	DEBUG	bft/statecollector.go:93	Node 3 collected a response: state_transfer_response:{sequence:1}
node2-1  | Node 2: ошибка отправки сообщения узлу 1: rpc error: code = Unavailable desc = connection error: desc = "transport: Error while dialing: dial tcp 172.20.0.2:7050: connect: no route to host"
node2-1  | Node 2: Sync called
node2-1  | Trying to get seq 0 in sync
node2-1  | 2025-05-09T12:35:05.731Z	DEBUG	bft/viewchanger.go:251	Node 2 resent a view change message with next view 1
node2-1  | 2025-05-09T12:35:05.731Z	DEBUG	bft/viewchanger.go:264	Node 2 got a view change timeout, the current view is 0
node2-1  | 2025-05-09T12:35:05.731Z	DEBUG	bft/viewchanger.go:268	Node 2 is calling sync because it got a view change timeout
node2-1  | 2025-05-09T12:35:05.731Z	DEBUG	bft/viewchanger.go:373	Node 2 has already started view change with last view 0
node2-1  | 2025-05-09T12:35:05.731Z	DEBUG	bft/controller.go:539	get msg from syncChan
node2-1  | Node 2: ошибка отправки транзакции узлу 1: rpc error: code = Unavailable desc = connection error: desc = "transport: Error while dialing: dial tcp 172.20.0.2:7050: connect: no route to host"
node2-1  | Got sync proposal for seq 0, has_proposal false from node 3
node3-1  | Node 2 called sync
node4-1  | Node 2 called sync
node2-1  | Got sync proposal for seq 0, has_proposal false from node 4
node2-1  | 2025-05-09T12:35:05.738Z	INFO	bft/controller.go:637	Synchronizer returned with an empty proposal metadata
node2-1  | Returning from sync seq 0
node2-1  | 2025-05-09T12:35:05.738Z	DEBUG	bft/statecollector.go:83	Node 2 started collecting state responses
node2-1  | Node 2: ошибка отправки сообщения узлу 1: rpc error: code = Unavailable desc = connection error: desc = "transport: Error while dialing: dial tcp 172.20.0.2:7050: connect: no route to host"
node3-1  | 2025-05-09T12:35:05.772Z	INFO	bft/statecollector.go:90	Node 3 reached the state collector timeout
node3-1  | 2025-05-09T12:35:05.772Z	INFO	bft/controller.go:672	Fetching state failed
node3-1  | 2025-05-09T12:35:05.772Z	DEBUG	bft/controller.go:545	view and seq is zero
node3-1  | 2025-05-09T12:35:05.772Z	DEBUG	bft/controller.go:436	Got view change to 0 but view is already running
node3-1  | 2025-05-09T12:35:05.776Z	DEBUG	bft/viewchanger.go:277	Node 3 is processing a view change message view_change:{next_view:1} from 2 with next view 1
node3-1  | 2025-05-09T12:35:05.776Z	DEBUG	bft/viewchanger.go:397	view change voted 1 false
node3-1  | 
node3-1  | 2025-05-09T12:35:05.776Z	DEBUG	bft/viewchanger.go:403	case 2
node2-1  | 2025-05-09T12:35:05.845Z	DEBUG	bft/statecollector.go:58	Node 2 handling state response: state_transfer_response:{sequence:1}
node2-1  | 2025-05-09T12:35:05.845Z	DEBUG	bft/statecollector.go:93	Node 2 collected a response: state_transfer_response:{sequence:1}
node2-1  | 2025-05-09T12:35:06.739Z	INFO	bft/statecollector.go:90	Node 2 reached the state collector timeout
node2-1  | 2025-05-09T12:35:06.739Z	INFO	bft/controller.go:672	Fetching state failed
node2-1  | 2025-05-09T12:35:06.739Z	DEBUG	bft/controller.go:545	view and seq is zero
node2-1  | 2025-05-09T12:35:06.739Z	DEBUG	bft/controller.go:436	Got view change to 0 but view is already running
node3-1  | 2025-05-09T12:35:07.770Z	DEBUG	bft/viewchanger.go:251	Node 3 resent a view change message with next view 1
node3-1  | Node 3: ошибка отправки сообщения узлу 1: rpc error: code = Unavailable desc = connection error: desc = "transport: Error while dialing: dial tcp 172.20.0.2:7050: connect: no route to host"
node2-1  | 2025-05-09T12:35:07.830Z	DEBUG	bft/viewchanger.go:277	Node 2 is processing a view change message view_change:{next_view:1} from 3 with next view 1
node2-1  | 2025-05-09T12:35:07.830Z	DEBUG	bft/viewchanger.go:397	view change voted 1 false
node2-1  | 
node2-1  | 2025-05-09T12:35:07.830Z	DEBUG	bft/viewchanger.go:403	case 2
node2-1  | 2025-05-09T12:35:11.731Z	DEBUG	bft/viewchanger.go:251	Node 2 resent a view change message with next view 1
node2-1  | Node 2: ошибка отправки сообщения узлу 1: rpc error: code = Unavailable desc = connection error: desc = "transport: Error while dialing: dial tcp 172.20.0.2:7050: connect: no route to host"
node3-1  | 2025-05-09T12:35:11.776Z	DEBUG	bft/viewchanger.go:277	Node 3 is processing a view change message view_change:{next_view:1} from 2 with next view 1
node3-1  | 2025-05-09T12:35:11.776Z	DEBUG	bft/viewchanger.go:397	view change voted 1 false
node3-1  | 
node3-1  | 2025-05-09T12:35:11.776Z	DEBUG	bft/viewchanger.go:403	case 2
node3-1  | Node 3: ошибка отправки сообщения узлу 1: rpc error: code = Unavailable desc = connection error: desc = "transport: Error while dialing: dial tcp 172.20.0.2:7050: connect: no route to host"
